
*** Running vivado
    with args -log scalp_zynqps_sys_clock_0.vds -m64 -product Vivado -mode batch -messageDb vivado.pb -notrace -source scalp_zynqps_sys_clock_0.tcl



****** Vivado v2025.2 (64-bit)
  **** SW Build 6299465 on Fri Nov 14 19:35:11 GMT 2025
  **** IP Build 6300035 on Fri Nov 14 10:48:45 MST 2025
  **** SharedData Build 6298862 on Thu Nov 13 04:50:51 MST 2025
  **** Start of session at: Tue Mar 10 21:56:26 2026
    ** Copyright 1986-2022 Xilinx, Inc. All Rights Reserved.
    ** Copyright 2022-2025 Advanced Micro Devices, Inc. All Rights Reserved.

source scalp_zynqps_sys_clock_0.tcl -notrace
create_project: Time (s): cpu = 00:00:10 ; elapsed = 00:00:08 . Memory (MB): peak = 526.746 ; gain = 217.680
INFO: [IP_Flow 19-234] Refreshing IP repositories
INFO: [IP_Flow 19-1700] Loaded user IP repository 'c:/master/lpsc/scalp_board_files-main/scalp_revc_windows'.
WARNING: [IP_Flow 19-3656] If you move the project, the path for repository 'c:/master/lpsc/scalp_board_files-main/scalp_revc_windows' may become invalid. A better location for the repository would be in a path adjacent to the project. (Current project location is 'c:/master/lpsc/scalp_board_files-main/scalp_revc_windows/scalp_user_design/scalp_user_design.runs/scalp_zynqps_sys_clock_0_synth_1'.)
INFO: [IP_Flow 19-2313] Loaded Vivado IP repository 'C:/AMDDesignTools/2025.2/Vivado/data/ip'.
WARNING: [IP_Flow 19-4995] The host OS only allows 260 characters in a normal path. The IP cache path is more than 80 characters. If you experience issues with IP caching, please consider changing the IP cache to a location with a shorter path. Alternately consider using the OS subst command to map part of the path to a drive letter. 
Current IP cache path is c:/master/lpsc/scalp_board_files-main/scalp_revc_windows/scalp_user_design/scalp_user_design.cache/ip 
Command: synth_design -top scalp_zynqps_sys_clock_0 -part xc7z015clg485-2 -incremental_mode off -mode out_of_context
Starting synth_design
INFO: [IP_Flow 19-2162] IP 'scalp_zynqps_sys_clock_0' is locked:
* IP definition 'Clocking Wizard (6.0)' for IP 'scalp_zynqps_sys_clock_0' (customized with software release 2023.2) has a different revision in the IP Catalog. * This IP has board specific outputs. Current project board 'unset' and the board 'hepia-cores.ch:scalp_node:part0:0.2' used to customize the IP 'scalp_zynqps_sys_clock_0' do not match.
Attempting to get a license for feature 'Synthesis' and/or device 'xc7z015'
INFO: [Common 17-349] Got license for feature 'Synthesis' and/or device 'xc7z015'
INFO: [Device 21-403] Loading part xc7z015clg485-2
INFO: [Synth 8-7079] Multithreading enabled for synth_design using a maximum of 2 processes.
INFO: [Synth 8-7078] Launching helper process for spawning children vivado processes
INFO: [Synth 8-7075] Helper process launched with PID 34436
---------------------------------------------------------------------------------
Starting RTL Elaboration : Time (s): cpu = 00:00:05 ; elapsed = 00:00:05 . Memory (MB): peak = 1314.629 ; gain = 540.816
---------------------------------------------------------------------------------
INFO: [Synth 8-6157] synthesizing module 'scalp_zynqps_sys_clock_0' [c:/master/lpsc/scalp_board_files-main/scalp_revc_windows/scalp_zynqps/ip/scalp_zynqps_sys_clock_0/scalp_zynqps_sys_clock_0.v:65]
INFO: [Synth 8-6157] synthesizing module 'scalp_zynqps_sys_clock_0_clk_wiz' [c:/master/lpsc/scalp_board_files-main/scalp_revc_windows/scalp_zynqps/ip/scalp_zynqps_sys_clock_0/scalp_zynqps_sys_clock_0_clk_wiz.v:65]
INFO: [Synth 8-6157] synthesizing module 'BUFG' [C:/AMDDesignTools/2025.2/Vivado/scripts/rt/data/unisim_comp.v:2678]
INFO: [Synth 8-6155] done synthesizing module 'BUFG' (0#1) [C:/AMDDesignTools/2025.2/Vivado/scripts/rt/data/unisim_comp.v:2678]
INFO: [Synth 8-6157] synthesizing module 'MMCME2_ADV' [C:/AMDDesignTools/2025.2/Vivado/scripts/rt/data/unisim_comp.v:95844]
	Parameter BANDWIDTH bound to: OPTIMIZED - type: string 
	Parameter CLKFBOUT_MULT_F bound to: 8.000000e+00 - type: double 
	Parameter CLKFBOUT_PHASE bound to: 0.000000e+00 - type: double 
	Parameter CLKFBOUT_USE_FINE_PS bound to: FALSE - type: string 
	Parameter CLKIN1_PERIOD bound to: 8.000000e+00 - type: double 
	Parameter CLKOUT0_DIVIDE_F bound to: 8.000000e+00 - type: double 
	Parameter CLKOUT0_DUTY_CYCLE bound to: 5.000000e-01 - type: double 
	Parameter CLKOUT0_PHASE bound to: 0.000000e+00 - type: double 
	Parameter CLKOUT0_USE_FINE_PS bound to: FALSE - type: string 
	Parameter CLKOUT4_CASCADE bound to: FALSE - type: string 
	Parameter COMPENSATION bound to: ZHOLD - type: string 
	Parameter DIVCLK_DIVIDE bound to: 1 - type: integer 
	Parameter STARTUP_WAIT bound to: FALSE - type: string 
INFO: [Synth 8-6155] done synthesizing module 'MMCME2_ADV' (0#1) [C:/AMDDesignTools/2025.2/Vivado/scripts/rt/data/unisim_comp.v:95844]
INFO: [Synth 8-6155] done synthesizing module 'scalp_zynqps_sys_clock_0_clk_wiz' (0#1) [c:/master/lpsc/scalp_board_files-main/scalp_revc_windows/scalp_zynqps/ip/scalp_zynqps_sys_clock_0/scalp_zynqps_sys_clock_0_clk_wiz.v:65]
INFO: [Synth 8-6155] done synthesizing module 'scalp_zynqps_sys_clock_0' (0#1) [c:/master/lpsc/scalp_board_files-main/scalp_revc_windows/scalp_zynqps/ip/scalp_zynqps_sys_clock_0/scalp_zynqps_sys_clock_0.v:65]
---------------------------------------------------------------------------------
Finished RTL Elaboration : Time (s): cpu = 00:00:06 ; elapsed = 00:00:07 . Memory (MB): peak = 1434.949 ; gain = 661.137
---------------------------------------------------------------------------------
---------------------------------------------------------------------------------
Start Handling Custom Attributes
---------------------------------------------------------------------------------
---------------------------------------------------------------------------------
Finished Handling Custom Attributes : Time (s): cpu = 00:00:06 ; elapsed = 00:00:07 . Memory (MB): peak = 1434.949 ; gain = 661.137
---------------------------------------------------------------------------------
---------------------------------------------------------------------------------
Finished RTL Optimization Phase 1 : Time (s): cpu = 00:00:06 ; elapsed = 00:00:07 . Memory (MB): peak = 1434.949 ; gain = 661.137
---------------------------------------------------------------------------------
Netlist sorting complete. Time (s): cpu = 00:00:00 ; elapsed = 00:00:00 . Memory (MB): peak = 1434.949 ; gain = 0.000
INFO: [Netlist 29-17] Analyzing 1 Unisim elements for replacement
INFO: [Netlist 29-28] Unisim Transformation completed in 0 CPU seconds
INFO: [Project 1-570] Preparing netlist for logic optimization

Processing XDC Constraints
Initializing timing engine
Parsing XDC File [c:/master/lpsc/scalp_board_files-main/scalp_revc_windows/scalp_zynqps/ip/scalp_zynqps_sys_clock_0/scalp_zynqps_sys_clock_0_ooc.xdc] for cell 'inst'
Finished Parsing XDC File [c:/master/lpsc/scalp_board_files-main/scalp_revc_windows/scalp_zynqps/ip/scalp_zynqps_sys_clock_0/scalp_zynqps_sys_clock_0_ooc.xdc] for cell 'inst'
Parsing XDC File [c:/master/lpsc/scalp_board_files-main/scalp_revc_windows/scalp_zynqps/ip/scalp_zynqps_sys_clock_0/scalp_zynqps_sys_clock_0_board.xdc] for cell 'inst'
Finished Parsing XDC File [c:/master/lpsc/scalp_board_files-main/scalp_revc_windows/scalp_zynqps/ip/scalp_zynqps_sys_clock_0/scalp_zynqps_sys_clock_0_board.xdc] for cell 'inst'
Parsing XDC File [c:/master/lpsc/scalp_board_files-main/scalp_revc_windows/scalp_zynqps/ip/scalp_zynqps_sys_clock_0/scalp_zynqps_sys_clock_0.xdc] for cell 'inst'
Finished Parsing XDC File [c:/master/lpsc/scalp_board_files-main/scalp_revc_windows/scalp_zynqps/ip/scalp_zynqps_sys_clock_0/scalp_zynqps_sys_clock_0.xdc] for cell 'inst'
Parsing XDC File [C:/master/lpsc/scalp_board_files-main/scalp_revc_windows/scalp_user_design/scalp_user_design.runs/scalp_zynqps_sys_clock_0_synth_1/dont_touch.xdc]
Finished Parsing XDC File [C:/master/lpsc/scalp_board_files-main/scalp_revc_windows/scalp_user_design/scalp_user_design.runs/scalp_zynqps_sys_clock_0_synth_1/dont_touch.xdc]
Completed Processing XDC Constraints

Netlist sorting complete. Time (s): cpu = 00:00:00 ; elapsed = 00:00:00 . Memory (MB): peak = 1434.949 ; gain = 0.000
INFO: [Project 1-111] Unisim Transformation Summary:
No Unisim elements were transformed.

INFO: [Timing 38-2] Deriving generated clocks
Constraint Validation Runtime : Time (s): cpu = 00:00:00 ; elapsed = 00:00:00.031 . Memory (MB): peak = 1434.949 ; gain = 0.000
INFO: [Designutils 20-5008] Incremental synthesis strategy off
---------------------------------------------------------------------------------
Finished Constraint Validation : Time (s): cpu = 00:00:13 ; elapsed = 00:00:14 . Memory (MB): peak = 1434.949 ; gain = 661.137
---------------------------------------------------------------------------------
---------------------------------------------------------------------------------
Start Loading Part and Timing Information
---------------------------------------------------------------------------------
Loading part: xc7z015clg485-2
---------------------------------------------------------------------------------
Finished Loading Part and Timing Information : Time (s): cpu = 00:00:13 ; elapsed = 00:00:14 . Memory (MB): peak = 1434.949 ; gain = 661.137
---------------------------------------------------------------------------------
---------------------------------------------------------------------------------
Start Applying 'set_property' XDC Constraints
---------------------------------------------------------------------------------
---------------------------------------------------------------------------------
Finished applying 'set_property' XDC Constraints : Time (s): cpu = 00:00:13 ; elapsed = 00:00:14 . Memory (MB): peak = 1434.949 ; gain = 661.137
---------------------------------------------------------------------------------
---------------------------------------------------------------------------------
Finished RTL Optimization Phase 2 : Time (s): cpu = 00:00:13 ; elapsed = 00:00:14 . Memory (MB): peak = 1434.949 ; gain = 661.137
---------------------------------------------------------------------------------
---------------------------------------------------------------------------------
Start RTL Component Statistics 
---------------------------------------------------------------------------------
Detailed RTL Component Info : 
---------------------------------------------------------------------------------
Finished RTL Component Statistics 
---------------------------------------------------------------------------------
---------------------------------------------------------------------------------
Start Part Resource Summary
---------------------------------------------------------------------------------
Part Resources:
DSPs: 160 (col length:60)
BRAMs: 190 (col length: RAMB18 60 RAMB36 30)
---------------------------------------------------------------------------------
Finished Part Resource Summary
---------------------------------------------------------------------------------
---------------------------------------------------------------------------------
Start Cross Boundary and Area Optimization
---------------------------------------------------------------------------------
---------------------------------------------------------------------------------
Finished Cross Boundary and Area Optimization : Time (s): cpu = 00:00:15 ; elapsed = 00:00:16 . Memory (MB): peak = 1458.492 ; gain = 684.680
---------------------------------------------------------------------------------
---------------------------------------------------------------------------------
Start Applying XDC Timing Constraints
---------------------------------------------------------------------------------
---------------------------------------------------------------------------------
Finished Applying XDC Timing Constraints : Time (s): cpu = 00:00:20 ; elapsed = 00:00:21 . Memory (MB): peak = 1623.492 ; gain = 849.680
---------------------------------------------------------------------------------
---------------------------------------------------------------------------------
Start Timing Optimization
---------------------------------------------------------------------------------
---------------------------------------------------------------------------------
Finished Timing Optimization : Time (s): cpu = 00:00:20 ; elapsed = 00:00:21 . Memory (MB): peak = 1623.492 ; gain = 849.680
---------------------------------------------------------------------------------
---------------------------------------------------------------------------------
Start Technology Mapping
---------------------------------------------------------------------------------
---------------------------------------------------------------------------------
Finished Technology Mapping : Time (s): cpu = 00:00:20 ; elapsed = 00:00:21 . Memory (MB): peak = 1633.215 ; gain = 859.402
---------------------------------------------------------------------------------
---------------------------------------------------------------------------------
Start IO Insertion
---------------------------------------------------------------------------------
---------------------------------------------------------------------------------
Start Flattening Before IO Insertion
---------------------------------------------------------------------------------
---------------------------------------------------------------------------------
Finished Flattening Before IO Insertion
---------------------------------------------------------------------------------
---------------------------------------------------------------------------------
Start Final Netlist Cleanup
---------------------------------------------------------------------------------
---------------------------------------------------------------------------------
Finished Final Netlist Cleanup
---------------------------------------------------------------------------------
---------------------------------------------------------------------------------
Finished IO Insertion : Time (s): cpu = 00:00:23 ; elapsed = 00:00:24 . Memory (MB): peak = 1882.918 ; gain = 1109.105
---------------------------------------------------------------------------------
---------------------------------------------------------------------------------
Start Renaming Generated Instances
---------------------------------------------------------------------------------
---------------------------------------------------------------------------------
Finished Renaming Generated Instances : Time (s): cpu = 00:00:23 ; elapsed = 00:00:24 . Memory (MB): peak = 1882.918 ; gain = 1109.105
---------------------------------------------------------------------------------
---------------------------------------------------------------------------------
Start Rebuilding User Hierarchy
---------------------------------------------------------------------------------
---------------------------------------------------------------------------------
Finished Rebuilding User Hierarchy : Time (s): cpu = 00:00:23 ; elapsed = 00:00:24 . Memory (MB): peak = 1882.918 ; gain = 1109.105
---------------------------------------------------------------------------------
---------------------------------------------------------------------------------
Start Renaming Generated Ports
---------------------------------------------------------------------------------
---------------------------------------------------------------------------------
Finished Renaming Generated Ports : Time (s): cpu = 00:00:23 ; elapsed = 00:00:24 . Memory (MB): peak = 1882.918 ; gain = 1109.105
---------------------------------------------------------------------------------
---------------------------------------------------------------------------------
Start Handling Custom Attributes
---------------------------------------------------------------------------------
---------------------------------------------------------------------------------
Finished Handling Custom Attributes : Time (s): cpu = 00:00:23 ; elapsed = 00:00:24 . Memory (MB): peak = 1882.918 ; gain = 1109.105
---------------------------------------------------------------------------------
---------------------------------------------------------------------------------
Start Renaming Generated Nets
---------------------------------------------------------------------------------
---------------------------------------------------------------------------------
Finished Renaming Generated Nets : Time (s): cpu = 00:00:23 ; elapsed = 00:00:24 . Memory (MB): peak = 1882.918 ; gain = 1109.105
---------------------------------------------------------------------------------
---------------------------------------------------------------------------------
Start Writing Synthesis Report
---------------------------------------------------------------------------------

Report BlackBoxes: 
+-+--------------+----------+
| |BlackBox name |Instances |
+-+--------------+----------+
+-+--------------+----------+

Report Cell Usage: 
+------+-----------+------+
|      |Cell       |Count |
+------+-----------+------+
|1     |BUFG       |     3|
|2     |LUT1       |     1|
|3     |MMCME2_ADV |     1|
+------+-----------+------+
---------------------------------------------------------------------------------
Finished Writing Synthesis Report : Time (s): cpu = 00:00:23 ; elapsed = 00:00:24 . Memory (MB): peak = 1882.918 ; gain = 1109.105
---------------------------------------------------------------------------------
Synthesis finished with 0 errors, 0 critical warnings and 0 warnings.
Synthesis Optimization Runtime : Time (s): cpu = 00:00:15 ; elapsed = 00:00:22 . Memory (MB): peak = 1882.918 ; gain = 1109.105
Synthesis Optimization Complete : Time (s): cpu = 00:00:23 ; elapsed = 00:00:24 . Memory (MB): peak = 1882.918 ; gain = 1109.105
INFO: [Project 1-571] Translating synthesized netlist
Netlist sorting complete. Time (s): cpu = 00:00:00 ; elapsed = 00:00:00 . Memory (MB): peak = 1882.918 ; gain = 0.000
INFO: [Netlist 29-17] Analyzing 1 Unisim elements for replacement
INFO: [Netlist 29-28] Unisim Transformation completed in 0 CPU seconds
INFO: [Project 1-570] Preparing netlist for logic optimization
INFO: [Opt 31-138] Pushed 0 inverter(s) to 0 load pin(s).
Netlist sorting complete. Time (s): cpu = 00:00:00 ; elapsed = 00:00:00 . Memory (MB): peak = 1889.195 ; gain = 0.000
INFO: [Project 1-111] Unisim Transformation Summary:
No Unisim elements were transformed.

Synth Design complete | Checksum: d0274733
INFO: [Common 17-83] Releasing license: Synthesis
30 Infos, 2 Warnings, 0 Critical Warnings and 0 Errors encountered.
synth_design completed successfully
synth_design: Time (s): cpu = 00:00:26 ; elapsed = 00:00:37 . Memory (MB): peak = 1889.195 ; gain = 1344.383
INFO: [Common 17-1381] The checkpoint 'C:/master/lpsc/scalp_board_files-main/scalp_revc_windows/scalp_user_design/scalp_user_design.runs/scalp_zynqps_sys_clock_0_synth_1/scalp_zynqps_sys_clock_0.dcp' has been generated.
INFO: [Coretcl 2-1648] Added synthesis output to IP cache for IP scalp_zynqps_sys_clock_0, cache-ID = 9610311d08612333
INFO: [Common 17-1381] The checkpoint 'C:/master/lpsc/scalp_board_files-main/scalp_revc_windows/scalp_user_design/scalp_user_design.runs/scalp_zynqps_sys_clock_0_synth_1/scalp_zynqps_sys_clock_0.dcp' has been generated.
INFO: [Vivado 12-24828] Executing command : report_utilization -file scalp_zynqps_sys_clock_0_utilization_synth.rpt -pb scalp_zynqps_sys_clock_0_utilization_synth.pb
INFO: [Common 17-206] Exiting Vivado at Tue Mar 10 21:57:15 2026...
