Copyright 1986-2022 Xilinx, Inc. All Rights Reserved. Copyright 2022-2025 Advanced Micro Devices, Inc. All Rights Reserved.
---------------------------------------------------------------------------------------------------------------------------------------------
| Tool Version : Vivado v.2025.2 (win64) Build 6299465 Fri Nov 14 19:35:11 GMT 2025
| Date         : Sat Apr 18 18:44:27 2026
| Host         : ma2s running 64-bit major release  (build 9200)
| Command      : report_drc -file scalp_user_design_drc_opted.rpt -pb scalp_user_design_drc_opted.pb -rpx scalp_user_design_drc_opted.rpx
| Design       : scalp_user_design
| Device       : xc7z015clg485-2
| Speed File   : -2
| Design State : Synthesized
---------------------------------------------------------------------------------------------------------------------------------------------

Report DRC

Table of Contents
-----------------
1. REPORT SUMMARY
2. REPORT DETAILS

1. REPORT SUMMARY
-----------------
            Netlist: netlist
          Floorplan: design_1
      Design limits: <entire design considered>
           Ruledeck: default
             Max checks: <unlimited>
             Checks found: 11
+---------+----------+----------------------------+--------+
| Rule    | Severity | Description                | Checks |
+---------+----------+----------------------------+--------+
| AVAL-70 | Warning  | OSERDES_DataRateTqTriWidth | 8      |
| DPIP-1  | Warning  | Input pipelining           | 2      |
| DPOP-2  | Warning  | MREG Output pipelining     | 1      |
+---------+----------+----------------------------+--------+

2. REPORT DETAILS
-----------------
AVAL-70#1 Warning
OSERDES_DataRateTqTriWidth  
Unexpected programming for PLxB.HdmixB.TxxI/Vga2HdmiConvertxB.Vga2HdmixI/SerializersxB.SerializerC0xI/MasterOSERDESE2xI with TRISTATE_WIDTH. DATA_RATE_TQ set DDR expects TRISTATE_WIDTH to be set 4
Related violations: <none>

AVAL-70#2 Warning
OSERDES_DataRateTqTriWidth  
Unexpected programming for PLxB.HdmixB.TxxI/Vga2HdmiConvertxB.Vga2HdmixI/SerializersxB.SerializerC0xI/SlaveOSERDESE2xI with TRISTATE_WIDTH. DATA_RATE_TQ set DDR expects TRISTATE_WIDTH to be set 4
Related violations: <none>

AVAL-70#3 Warning
OSERDES_DataRateTqTriWidth  
Unexpected programming for PLxB.HdmixB.TxxI/Vga2HdmiConvertxB.Vga2HdmixI/SerializersxB.SerializerC1xI/MasterOSERDESE2xI with TRISTATE_WIDTH. DATA_RATE_TQ set DDR expects TRISTATE_WIDTH to be set 4
Related violations: <none>

AVAL-70#4 Warning
OSERDES_DataRateTqTriWidth  
Unexpected programming for PLxB.HdmixB.TxxI/Vga2HdmiConvertxB.Vga2HdmixI/SerializersxB.SerializerC1xI/SlaveOSERDESE2xI with TRISTATE_WIDTH. DATA_RATE_TQ set DDR expects TRISTATE_WIDTH to be set 4
Related violations: <none>

AVAL-70#5 Warning
OSERDES_DataRateTqTriWidth  
Unexpected programming for PLxB.HdmixB.TxxI/Vga2HdmiConvertxB.Vga2HdmixI/SerializersxB.SerializerC2xI/MasterOSERDESE2xI with TRISTATE_WIDTH. DATA_RATE_TQ set DDR expects TRISTATE_WIDTH to be set 4
Related violations: <none>

AVAL-70#6 Warning
OSERDES_DataRateTqTriWidth  
Unexpected programming for PLxB.HdmixB.TxxI/Vga2HdmiConvertxB.Vga2HdmixI/SerializersxB.SerializerC2xI/SlaveOSERDESE2xI with TRISTATE_WIDTH. DATA_RATE_TQ set DDR expects TRISTATE_WIDTH to be set 4
Related violations: <none>

AVAL-70#7 Warning
OSERDES_DataRateTqTriWidth  
Unexpected programming for PLxB.HdmixB.TxxI/Vga2HdmiConvertxB.Vga2HdmixI/SerializersxB.SerializerC3xI/MasterOSERDESE2xI with TRISTATE_WIDTH. DATA_RATE_TQ set DDR expects TRISTATE_WIDTH to be set 4
Related violations: <none>

AVAL-70#8 Warning
OSERDES_DataRateTqTriWidth  
Unexpected programming for PLxB.HdmixB.TxxI/Vga2HdmiConvertxB.Vga2HdmixI/SerializersxB.SerializerC3xI/SlaveOSERDESE2xI with TRISTATE_WIDTH. DATA_RATE_TQ set DDR expects TRISTATE_WIDTH to be set 4
Related violations: <none>

DPIP-1#1 Warning
Input pipelining  
DSP PLxB.ImGenxB.ram_rd_addr_reg input PLxB.ImGenxB.ram_rd_addr_reg/A[29:0] is not pipelined. Pipelining DSP48 input will improve performance.
Related violations: <none>

DPIP-1#2 Warning
Input pipelining  
DSP PLxB.ImGenxB.ram_rd_addr_reg input PLxB.ImGenxB.ram_rd_addr_reg/C[47:0] is not pipelined. Pipelining DSP48 input will improve performance.
Related violations: <none>

DPOP-2#1 Warning
MREG Output pipelining  
DSP PLxB.ImGenxB.ram_rd_addr_reg multiplier stage PLxB.ImGenxB.ram_rd_addr_reg/P[47:0] is not pipelined (MREG=0). Pipelining the multiplier function will improve performance and will save significant power so it is suggested whenever possible to fully pipeline this function.  If this multiplier was inferred, it is suggested to describe an additional register stage after this function.  If there is no registered adder/accumulator following the multiply function, two pipeline stages are suggested to allow both the MREG and PREG registers to be used.  If the DSP48 was instantiated in the design, it is suggested to set both the MREG and PREG attributes to 1 when performing multiply functions.
Related violations: <none>


