Copyright 1986-2022 Xilinx, Inc. All Rights Reserved. Copyright 2022-2025 Advanced Micro Devices, Inc. All Rights Reserved.
---------------------------------------------------------------------------------------------------------------------------------------------
| Tool Version : Vivado v.2025.2 (win64) Build 6299465 Fri Nov 14 19:35:11 GMT 2025
| Date         : Sat Apr 18 18:45:21 2026
| Host         : ma2s running 64-bit major release  (build 9200)
| Command      : report_clock_utilization -file scalp_user_design_clock_utilization_routed.rpt
| Design       : scalp_user_design
| Device       : 7z015-clg485
| Speed File   : -2  PRODUCTION 1.12 2019-11-22
| Design State : Routed
---------------------------------------------------------------------------------------------------------------------------------------------

Clock Utilization Report

Table of Contents
-----------------
1. Clock Primitive Utilization
2. Global Clock Resources
3. Global Clock Source Details
4. Clock Regions: Key Resource Utilization
5. Clock Regions : Global Clock Summary
6. Device Cell Placement Summary for Global Clock g0
7. Device Cell Placement Summary for Global Clock g1
8. Device Cell Placement Summary for Global Clock g2
9. Device Cell Placement Summary for Global Clock g3
10. Device Cell Placement Summary for Global Clock g4
11. Device Cell Placement Summary for Global Clock g5
12. Device Cell Placement Summary for Global Clock g6
13. Device Cell Placement Summary for Global Clock g7
14. Device Cell Placement Summary for Global Clock g8
15. Clock Region Cell Placement per Global Clock: Region X0Y0
16. Clock Region Cell Placement per Global Clock: Region X1Y0
17. Clock Region Cell Placement per Global Clock: Region X0Y1
18. Clock Region Cell Placement per Global Clock: Region X1Y1
19. Clock Region Cell Placement per Global Clock: Region X0Y2
20. Clock Region Cell Placement per Global Clock: Region X1Y2

1. Clock Primitive Utilization
------------------------------

+----------+------+-----------+-----+--------------+--------+
| Type     | Used | Available | LOC | Clock Region | Pblock |
+----------+------+-----------+-----+--------------+--------+
| BUFGCTRL |    9 |        32 |   0 |            0 |      0 |
| BUFH     |    0 |        72 |   0 |            0 |      0 |
| BUFIO    |    0 |        12 |   0 |            0 |      0 |
| BUFMR    |    0 |         6 |   0 |            0 |      0 |
| BUFR     |    0 |        12 |   0 |            0 |      0 |
| MMCM     |    2 |         3 |   0 |            0 |      0 |
| PLL      |    0 |         3 |   0 |            0 |      0 |
+----------+------+-----------+-----+--------------+--------+


2. Global Clock Resources
-------------------------

+-----------+-----------+-----------------+------------+----------------+--------------+-------------------+-------------+-----------------+--------------+--------------------------------------------------------------------------------------------+-----------------------------------------------------------------------------------------------+----------------------------------------------------------------------------------------------------------------------------------------------+
| Global Id | Source Id | Driver Type/Pin | Constraint | Site           | Clock Region | Load Clock Region | Clock Loads | Non-Clock Loads | Clock Period | Clock                                                                                      | Driver Pin                                                                                    | Net                                                                                                                                          |
+-----------+-----------+-----------------+------------+----------------+--------------+-------------------+-------------+-----------------+--------------+--------------------------------------------------------------------------------------------+-----------------------------------------------------------------------------------------------+----------------------------------------------------------------------------------------------------------------------------------------------+
| g0        | src0      | BUFG/O          | None       | BUFGCTRL_X0Y16 | n/a          |                 4 |        3513 |               0 |        8.000 | clk_125_scalp_zynqps_sys_clock_0                                                           | PSxB.ZynqxI/PlatformxB.ScalpZynqPSxI/sys_clock/inst/clkout1_buf/O                             | PSxB.ZynqxI/PlatformxB.ScalpZynqPSxI/sys_clock/inst/clk_125                                                                                  |
| g1        | src1      | BUFG/O          | None       | BUFGCTRL_X0Y2  | n/a          |                 2 |         461 |               0 |       33.000 | dbg_hub/inst/BSCANID.u_xsdbm_id/SWITCH_N_EXT_BSCAN.bscan_inst/SERIES7_BSCAN.bscan_inst/TCK | dbg_hub/inst/BSCANID.u_xsdbm_id/SWITCH_N_EXT_BSCAN.u_bufg_icon_tck/O                          | dbg_hub/inst/BSCANID.u_xsdbm_id/itck_i                                                                                                       |
| g2        | src2      | BUFG/O          | None       | BUFGCTRL_X0Y0  | n/a          |                 4 |         250 |               0 |       20.833 | clk_vga_vga_hdmi_clk_rst_system_inst_0_vga_hdmi_clock_0                                    | PSxB.ZynqxI/PlatformxB.ScalpZynqPSxI/vga_hdmi_clk_rst_sys_0/vga_hdmi_clock/inst/clkout1_buf/O | PSxB.ZynqxI/PlatformxB.ScalpZynqPSxI/vga_hdmi_clk_rst_sys_0/vga_hdmi_clock/inst/clk_vga                                                      |
| g3        | src3      | BUFG/O          | None       | BUFGCTRL_X0Y17 | n/a          |                 4 |         235 |               0 |       10.000 | clk_100_scalp_zynqps_sys_clock_0                                                           | PSxB.ZynqxI/PlatformxB.ScalpZynqPSxI/sys_clock/inst/clkout2_buf/O                             | PSxB.ZynqxI/PlatformxB.ScalpZynqPSxI/sys_clock/inst/clk_100                                                                                  |
| g4        | src4      | BUFG/O          | None       | BUFGCTRL_X0Y1  | n/a          |                 1 |           8 |               0 |        4.167 | clk_hdmi_vga_hdmi_clk_rst_system_inst_0_vga_hdmi_clock_0                                   | PSxB.ZynqxI/PlatformxB.ScalpZynqPSxI/vga_hdmi_clk_rst_sys_0/vga_hdmi_clock/inst/clkout2_buf/O | PSxB.ZynqxI/PlatformxB.ScalpZynqPSxI/vga_hdmi_clk_rst_sys_0/vga_hdmi_clock/inst/clk_hdmi                                                     |
| g5        | src5      | BUFG/O          | None       | BUFGCTRL_X0Y19 | n/a          |                 1 |           1 |               0 |        8.000 | clk_fpga_0                                                                                 | PSxB.ZynqxI/PlatformxB.ScalpZynqPSxI/sys_clock/inst/clkin1_bufg/O                             | PSxB.ZynqxI/PlatformxB.ScalpZynqPSxI/sys_clock/inst/clk_in1_scalp_zynqps_sys_clock_0                                                         |
| g6        | src5      | BUFG/O          | None       | BUFGCTRL_X0Y20 | n/a          |                 1 |           1 |               0 |        8.000 | clk_fpga_0                                                                                 | PSxB.ZynqxI/PlatformxB.ScalpZynqPSxI/vga_hdmi_clk_rst_sys_0/vga_hdmi_clock/inst/clkin1_bufg/O | PSxB.ZynqxI/PlatformxB.ScalpZynqPSxI/vga_hdmi_clk_rst_sys_0/vga_hdmi_clock/inst/clk_in1_vga_hdmi_clk_rst_system_inst_0_vga_hdmi_clock_0      |
| g7        | src6      | BUFG/O          | None       | BUFGCTRL_X0Y18 | n/a          |                 1 |           1 |               0 |        8.000 | clkfbout_scalp_zynqps_sys_clock_0                                                          | PSxB.ZynqxI/PlatformxB.ScalpZynqPSxI/sys_clock/inst/clkf_buf/O                                | PSxB.ZynqxI/PlatformxB.ScalpZynqPSxI/sys_clock/inst/clkfbout_buf_scalp_zynqps_sys_clock_0                                                    |
| g8        | src7      | BUFG/O          | None       | BUFGCTRL_X0Y3  | n/a          |                 1 |           1 |               0 |       40.000 | clkfbout_vga_hdmi_clk_rst_system_inst_0_vga_hdmi_clock_0                                   | PSxB.ZynqxI/PlatformxB.ScalpZynqPSxI/vga_hdmi_clk_rst_sys_0/vga_hdmi_clock/inst/clkf_buf/O    | PSxB.ZynqxI/PlatformxB.ScalpZynqPSxI/vga_hdmi_clk_rst_sys_0/vga_hdmi_clock/inst/clkfbout_buf_vga_hdmi_clk_rst_system_inst_0_vga_hdmi_clock_0 |
+-----------+-----------+-----------------+------------+----------------+--------------+-------------------+-------------+-----------------+--------------+--------------------------------------------------------------------------------------------+-----------------------------------------------------------------------------------------------+----------------------------------------------------------------------------------------------------------------------------------------------+
* Clock Loads column represents cell count of net connects that connect to a clock pin. Internal cell leaf pins are not considered
** Non-Clock Loads column represents cell count of non-clock pin loads


3. Global Clock Source Details
------------------------------

+-----------+-----------+---------------------+------------+-----------------+--------------+-------------+-----------------+---------------------+--------------------------------------------------------------------------------------------+--------------------------------------------------------------------------------------------------------+------------------------------------------------------------------------------------------------------------------------------------------+
| Source Id | Global Id | Driver Type/Pin     | Constraint | Site            | Clock Region | Clock Loads | Non-Clock Loads | Source Clock Period | Source Clock                                                                               | Driver Pin                                                                                             | Net                                                                                                                                      |
+-----------+-----------+---------------------+------------+-----------------+--------------+-------------+-----------------+---------------------+--------------------------------------------------------------------------------------------+--------------------------------------------------------------------------------------------------------+------------------------------------------------------------------------------------------------------------------------------------------+
| src0      | g0        | MMCME2_ADV/CLKOUT0  | None       | MMCME2_ADV_X1Y2 | X1Y2         |           1 |               0 |               8.000 | clk_125_scalp_zynqps_sys_clock_0                                                           | PSxB.ZynqxI/PlatformxB.ScalpZynqPSxI/sys_clock/inst/mmcm_adv_inst/CLKOUT0                              | PSxB.ZynqxI/PlatformxB.ScalpZynqPSxI/sys_clock/inst/clk_125_scalp_zynqps_sys_clock_0                                                     |
| src1      | g1        | BSCANE2/TCK         | None       | BSCAN_X0Y0      | X0Y1         |           1 |               0 |              33.000 | dbg_hub/inst/BSCANID.u_xsdbm_id/SWITCH_N_EXT_BSCAN.bscan_inst/SERIES7_BSCAN.bscan_inst/TCK | dbg_hub/inst/BSCANID.u_xsdbm_id/SWITCH_N_EXT_BSCAN.bscan_inst/SERIES7_BSCAN.bscan_inst/TCK             | dbg_hub/inst/BSCANID.u_xsdbm_id/SWITCH_N_EXT_BSCAN.bscan_inst/TCK                                                                        |
| src2      | g2        | MMCME2_ADV/CLKOUT0  | None       | MMCME2_ADV_X0Y0 | X0Y0         |           1 |               0 |              20.833 | clk_vga_vga_hdmi_clk_rst_system_inst_0_vga_hdmi_clock_0                                    | PSxB.ZynqxI/PlatformxB.ScalpZynqPSxI/vga_hdmi_clk_rst_sys_0/vga_hdmi_clock/inst/mmcm_adv_inst/CLKOUT0  | PSxB.ZynqxI/PlatformxB.ScalpZynqPSxI/vga_hdmi_clk_rst_sys_0/vga_hdmi_clock/inst/clk_vga_vga_hdmi_clk_rst_system_inst_0_vga_hdmi_clock_0  |
| src3      | g3        | MMCME2_ADV/CLKOUT1  | None       | MMCME2_ADV_X1Y2 | X1Y2         |           1 |               0 |              10.000 | clk_100_scalp_zynqps_sys_clock_0                                                           | PSxB.ZynqxI/PlatformxB.ScalpZynqPSxI/sys_clock/inst/mmcm_adv_inst/CLKOUT1                              | PSxB.ZynqxI/PlatformxB.ScalpZynqPSxI/sys_clock/inst/clk_100_scalp_zynqps_sys_clock_0                                                     |
| src4      | g4        | MMCME2_ADV/CLKOUT1  | None       | MMCME2_ADV_X0Y0 | X0Y0         |           1 |               0 |               4.167 | clk_hdmi_vga_hdmi_clk_rst_system_inst_0_vga_hdmi_clock_0                                   | PSxB.ZynqxI/PlatformxB.ScalpZynqPSxI/vga_hdmi_clk_rst_sys_0/vga_hdmi_clock/inst/mmcm_adv_inst/CLKOUT1  | PSxB.ZynqxI/PlatformxB.ScalpZynqPSxI/vga_hdmi_clk_rst_sys_0/vga_hdmi_clock/inst/clk_hdmi_vga_hdmi_clk_rst_system_inst_0_vga_hdmi_clock_0 |
| src5      | g5        | PS7/FCLKCLK[0]      | PS7_X0Y0   | PS7_X0Y0        | X0Y2         |           2 |               0 |               8.000 | clk_fpga_0                                                                                 | PSxB.ZynqxI/PlatformxB.ScalpZynqPSxI/processing_system7_0/inst/PS7_i/FCLKCLK[0]                        | PSxB.ZynqxI/PlatformxB.ScalpZynqPSxI/processing_system7_0/inst/FCLK_CLK_unbuffered[0]                                                    |
| src5      | g6        | PS7/FCLKCLK[0]      | PS7_X0Y0   | PS7_X0Y0        | X0Y2         |           2 |               0 |               8.000 | clk_fpga_0                                                                                 | PSxB.ZynqxI/PlatformxB.ScalpZynqPSxI/processing_system7_0/inst/PS7_i/FCLKCLK[0]                        | PSxB.ZynqxI/PlatformxB.ScalpZynqPSxI/processing_system7_0/inst/FCLK_CLK_unbuffered[0]                                                    |
| src6      | g7        | MMCME2_ADV/CLKFBOUT | None       | MMCME2_ADV_X1Y2 | X1Y2         |           1 |               0 |               8.000 | clkfbout_scalp_zynqps_sys_clock_0                                                          | PSxB.ZynqxI/PlatformxB.ScalpZynqPSxI/sys_clock/inst/mmcm_adv_inst/CLKFBOUT                             | PSxB.ZynqxI/PlatformxB.ScalpZynqPSxI/sys_clock/inst/clkfbout_scalp_zynqps_sys_clock_0                                                    |
| src7      | g8        | MMCME2_ADV/CLKFBOUT | None       | MMCME2_ADV_X0Y0 | X0Y0         |           1 |               0 |              40.000 | clkfbout_vga_hdmi_clk_rst_system_inst_0_vga_hdmi_clock_0                                   | PSxB.ZynqxI/PlatformxB.ScalpZynqPSxI/vga_hdmi_clk_rst_sys_0/vga_hdmi_clock/inst/mmcm_adv_inst/CLKFBOUT | PSxB.ZynqxI/PlatformxB.ScalpZynqPSxI/vga_hdmi_clk_rst_sys_0/vga_hdmi_clock/inst/clkfbout_vga_hdmi_clk_rst_system_inst_0_vga_hdmi_clock_0 |
+-----------+-----------+---------------------+------------+-----------------+--------------+-------------+-----------------+---------------------+--------------------------------------------------------------------------------------------+--------------------------------------------------------------------------------------------------------+------------------------------------------------------------------------------------------------------------------------------------------+
* Clock Loads column represents cell count of net connects that connect to a clock pin. Internal cell leaf pins are not considered
** Non-Clock Loads column represents cell count of non-clock pin loads


4. Clock Regions: Key Resource Utilization
------------------------------------------

+-------------------+--------------+--------------+--------------+--------------+--------------+--------------+--------------+--------------+--------------+--------------+--------------+--------------+--------------+--------------+--------------+
|                   | Global Clock |     BUFRs    |    BUFMRs    |    BUFIOs    |     MMCM     |      PLL     |      GT      |      PCI     |    ILOGIC    |    OLOGIC    |      FF      |     LUTM     |    RAMB18    |    RAMB36    |    DSP48E2   |
+-------------------+------+-------+------+-------+------+-------+------+-------+------+-------+------+-------+------+-------+------+-------+------+-------+------+-------+------+-------+------+-------+------+-------+------+-------+------+-------+
| Clock Region Name | Used | Avail | Used | Avail | Used | Avail | Used | Avail | Used | Avail | Used | Avail | Used | Avail | Used | Avail | Used | Avail | Used | Avail | Used | Avail | Used | Avail | Used | Avail | Used | Avail | Used | Avail |
+-------------------+------+-------+------+-------+------+-------+------+-------+------+-------+------+-------+------+-------+------+-------+------+-------+------+-------+------+-------+------+-------+------+-------+------+-------+------+-------+
| X0Y0              |    4 |    12 |    0 |     4 |    0 |     2 |    0 |     4 |    1 |     1 |    0 |     1 |    0 |     0 |    0 |     0 |    0 |    50 |    0 |    50 |   26 |  3000 |    7 |   900 |    0 |    40 |   10 |    20 |    0 |    40 |
| X1Y0              |    2 |    12 |    0 |     0 |    0 |     0 |    0 |     0 |    0 |     0 |    0 |     0 |    0 |     4 |    0 |     1 |    0 |     0 |    0 |     0 |   14 |  1750 |    8 |   600 |    0 |    30 |   12 |    15 |    0 |    40 |
| X0Y1              |    1 |    12 |    0 |     0 |    0 |     0 |    0 |     0 |    0 |     0 |    0 |     0 |    0 |     0 |    0 |     0 |    0 |     0 |    0 |     0 |  807 |  1100 |  252 |   300 |    0 |     0 |    0 |     0 |    0 |     0 |
| X1Y1              |    4 |    12 |    0 |     4 |    0 |     2 |    0 |     4 |    0 |     1 |    0 |     1 |    0 |     0 |    0 |     0 |    0 |    50 |    8 |    50 |  401 |  2300 |  112 |   750 |    0 |    60 |   30 |    30 |    1 |    40 |
| X0Y2              |    2 |    12 |    0 |     0 |    0 |     0 |    0 |     0 |    0 |     0 |    0 |     0 |    0 |     0 |    0 |     0 |    0 |     0 |    0 |     0 | 2219 |  1100 |  588 |   300 |    0 |     0 |    0 |     0 |    0 |     0 |
| X1Y2              |    6 |    12 |    0 |     4 |    0 |     2 |    0 |     4 |    1 |     1 |    0 |     1 |    0 |     0 |    0 |     0 |    0 |    50 |    0 |    50 |  657 |  2300 |  182 |   750 |    4 |    60 |   24 |    30 |    0 |    40 |
+-------------------+------+-------+------+-------+------+-------+------+-------+------+-------+------+-------+------+-------+------+-------+------+-------+------+-------+------+-------+------+-------+------+-------+------+-------+------+-------+
* Global Clock column represents track count; while other columns represents cell counts


5. Clock Regions : Global Clock Summary
---------------------------------------

All Modules
+----+----+----+
|    | X0 | X1 |
+----+----+----+
| Y2 |  0 |  0 |
| Y1 |  0 |  0 |
| Y0 |  0 |  0 |
+----+----+----+


6. Device Cell Placement Summary for Global Clock g0
----------------------------------------------------

+-----------+-----------------+-------------------+----------------------------------+-------------+---------------+-------------+----------+----------------+----------+-------------------------------------------------------------+
| Global Id | Driver Type/Pin | Driver Region (D) | Clock                            | Period (ns) | Waveform (ns) | Slice Loads | IO Loads | Clocking Loads | GT Loads | Net                                                         |
+-----------+-----------------+-------------------+----------------------------------+-------------+---------------+-------------+----------+----------------+----------+-------------------------------------------------------------+
| g0        | BUFG/O          | n/a               | clk_125_scalp_zynqps_sys_clock_0 |       8.000 | {0.000 4.000} |        3474 |        0 |              0 |        0 | PSxB.ZynqxI/PlatformxB.ScalpZynqPSxI/sys_clock/inst/clk_125 |
+-----------+-----------------+-------------------+----------------------------------+-------------+---------------+-------------+----------+----------------+----------+-------------------------------------------------------------+
* Slice Loads column represents load cell count of all cell types other than IO, GT and clock resources
** IO Loads column represents load cell count of IO types
*** Clocking Loads column represents load cell count that are clock resources (global clock buffer, MMCM, PLL, etc)
**** GT Loads column represents load cell count of GT types


+----+-------+------+-----------------------+
|    | X0    | X1   | HORIZONTAL PROG DELAY |
+----+-------+------+-----------------------+
| Y2 |  2027 |  384 |                     0 |
| Y1 |   866 |  197 |                     0 |
| Y0 |     0 |    0 |                     - |
+----+-------+------+-----------------------+


7. Device Cell Placement Summary for Global Clock g1
----------------------------------------------------

+-----------+-----------------+-------------------+--------------------------------------------------------------------------------------------+-------------+----------------+-------------+----------+----------------+----------+----------------------------------------+
| Global Id | Driver Type/Pin | Driver Region (D) | Clock                                                                                      | Period (ns) | Waveform (ns)  | Slice Loads | IO Loads | Clocking Loads | GT Loads | Net                                    |
+-----------+-----------------+-------------------+--------------------------------------------------------------------------------------------+-------------+----------------+-------------+----------+----------------+----------+----------------------------------------+
| g1        | BUFG/O          | n/a               | dbg_hub/inst/BSCANID.u_xsdbm_id/SWITCH_N_EXT_BSCAN.bscan_inst/SERIES7_BSCAN.bscan_inst/TCK |      33.000 | {0.000 16.500} |         458 |        0 |              0 |        0 | dbg_hub/inst/BSCANID.u_xsdbm_id/itck_i |
+-----------+-----------------+-------------------+--------------------------------------------------------------------------------------------+-------------+----------------+-------------+----------+----------------+----------+----------------------------------------+
* Slice Loads column represents load cell count of all cell types other than IO, GT and clock resources
** IO Loads column represents load cell count of IO types
*** Clocking Loads column represents load cell count that are clock resources (global clock buffer, MMCM, PLL, etc)
**** GT Loads column represents load cell count of GT types


+----+------+------+-----------------------+
|    | X0   | X1   | HORIZONTAL PROG DELAY |
+----+------+------+-----------------------+
| Y2 |  207 |  251 |                     0 |
| Y1 |    0 |    0 |                     - |
| Y0 |    0 |    0 |                     - |
+----+------+------+-----------------------+


8. Device Cell Placement Summary for Global Clock g2
----------------------------------------------------

+-----------+-----------------+-------------------+---------------------------------------------------------+-------------+----------------+-------------+----------+----------------+----------+-----------------------------------------------------------------------------------------+
| Global Id | Driver Type/Pin | Driver Region (D) | Clock                                                   | Period (ns) | Waveform (ns)  | Slice Loads | IO Loads | Clocking Loads | GT Loads | Net                                                                                     |
+-----------+-----------------+-------------------+---------------------------------------------------------+-------------+----------------+-------------+----------+----------------+----------+-----------------------------------------------------------------------------------------+
| g2        | BUFG/O          | n/a               | clk_vga_vga_hdmi_clk_rst_system_inst_0_vga_hdmi_clock_0 |      20.833 | {0.000 10.417} |         242 |        8 |              0 |        0 | PSxB.ZynqxI/PlatformxB.ScalpZynqPSxI/vga_hdmi_clk_rst_sys_0/vga_hdmi_clock/inst/clk_vga |
+-----------+-----------------+-------------------+---------------------------------------------------------+-------------+----------------+-------------+----------+----------------+----------+-----------------------------------------------------------------------------------------+
* Slice Loads column represents load cell count of all cell types other than IO, GT and clock resources
** IO Loads column represents load cell count of IO types
*** Clocking Loads column represents load cell count that are clock resources (global clock buffer, MMCM, PLL, etc)
**** GT Loads column represents load cell count of GT types


+----+-----+------+-----------------------+
|    | X0  | X1   | HORIZONTAL PROG DELAY |
+----+-----+------+-----------------------+
| Y2 |   0 |   39 |                     0 |
| Y1 |   0 |  188 |                     0 |
| Y0 |  10 |   13 |                     0 |
+----+-----+------+-----------------------+


9. Device Cell Placement Summary for Global Clock g3
----------------------------------------------------

+-----------+-----------------+-------------------+----------------------------------+-------------+---------------+-------------+----------+----------------+----------+-------------------------------------------------------------+
| Global Id | Driver Type/Pin | Driver Region (D) | Clock                            | Period (ns) | Waveform (ns) | Slice Loads | IO Loads | Clocking Loads | GT Loads | Net                                                         |
+-----------+-----------------+-------------------+----------------------------------+-------------+---------------+-------------+----------+----------------+----------+-------------------------------------------------------------+
| g3        | BUFG/O          | n/a               | clk_100_scalp_zynqps_sys_clock_0 |      10.000 | {0.000 5.000} |         235 |        0 |              0 |        0 | PSxB.ZynqxI/PlatformxB.ScalpZynqPSxI/sys_clock/inst/clk_100 |
+-----------+-----------------+-------------------+----------------------------------+-------------+---------------+-------------+----------+----------------+----------+-------------------------------------------------------------+
* Slice Loads column represents load cell count of all cell types other than IO, GT and clock resources
** IO Loads column represents load cell count of IO types
*** Clocking Loads column represents load cell count that are clock resources (global clock buffer, MMCM, PLL, etc)
**** GT Loads column represents load cell count of GT types


+----+-----+------+-----------------------+
|    | X0  | X1   | HORIZONTAL PROG DELAY |
+----+-----+------+-----------------------+
| Y2 |   0 |   70 |                     0 |
| Y1 |   0 |  104 |                     0 |
| Y0 |  36 |   25 |                     0 |
+----+-----+------+-----------------------+


10. Device Cell Placement Summary for Global Clock g4
-----------------------------------------------------

+-----------+-----------------+-------------------+----------------------------------------------------------+-------------+---------------+-------------+----------+----------------+----------+------------------------------------------------------------------------------------------+
| Global Id | Driver Type/Pin | Driver Region (D) | Clock                                                    | Period (ns) | Waveform (ns) | Slice Loads | IO Loads | Clocking Loads | GT Loads | Net                                                                                      |
+-----------+-----------------+-------------------+----------------------------------------------------------+-------------+---------------+-------------+----------+----------------+----------+------------------------------------------------------------------------------------------+
| g4        | BUFG/O          | n/a               | clk_hdmi_vga_hdmi_clk_rst_system_inst_0_vga_hdmi_clock_0 |       4.167 | {0.000 2.083} |           0 |        8 |              0 |        0 | PSxB.ZynqxI/PlatformxB.ScalpZynqPSxI/vga_hdmi_clk_rst_sys_0/vga_hdmi_clock/inst/clk_hdmi |
+-----------+-----------------+-------------------+----------------------------------------------------------+-------------+---------------+-------------+----------+----------------+----------+------------------------------------------------------------------------------------------+
* Slice Loads column represents load cell count of all cell types other than IO, GT and clock resources
** IO Loads column represents load cell count of IO types
*** Clocking Loads column represents load cell count that are clock resources (global clock buffer, MMCM, PLL, etc)
**** GT Loads column represents load cell count of GT types


+----+----+----+-----------------------+
|    | X0 | X1 | HORIZONTAL PROG DELAY |
+----+----+----+-----------------------+
| Y2 |  0 |  0 |                     - |
| Y1 |  0 |  8 |                     0 |
| Y0 |  0 |  0 |                     - |
+----+----+----+-----------------------+


11. Device Cell Placement Summary for Global Clock g5
-----------------------------------------------------

+-----------+-----------------+-------------------+------------+-------------+---------------+-------------+----------+----------------+----------+--------------------------------------------------------------------------------------+
| Global Id | Driver Type/Pin | Driver Region (D) | Clock      | Period (ns) | Waveform (ns) | Slice Loads | IO Loads | Clocking Loads | GT Loads | Net                                                                                  |
+-----------+-----------------+-------------------+------------+-------------+---------------+-------------+----------+----------------+----------+--------------------------------------------------------------------------------------+
| g5        | BUFG/O          | n/a               | clk_fpga_0 |       8.000 | {0.000 4.000} |           0 |        0 |              1 |        0 | PSxB.ZynqxI/PlatformxB.ScalpZynqPSxI/sys_clock/inst/clk_in1_scalp_zynqps_sys_clock_0 |
+-----------+-----------------+-------------------+------------+-------------+---------------+-------------+----------+----------------+----------+--------------------------------------------------------------------------------------+
* Slice Loads column represents load cell count of all cell types other than IO, GT and clock resources
** IO Loads column represents load cell count of IO types
*** Clocking Loads column represents load cell count that are clock resources (global clock buffer, MMCM, PLL, etc)
**** GT Loads column represents load cell count of GT types


+----+----+----+-----------------------+
|    | X0 | X1 | HORIZONTAL PROG DELAY |
+----+----+----+-----------------------+
| Y2 |  0 |  1 |                     0 |
| Y1 |  0 |  0 |                     - |
| Y0 |  0 |  0 |                     - |
+----+----+----+-----------------------+


12. Device Cell Placement Summary for Global Clock g6
-----------------------------------------------------

+-----------+-----------------+-------------------+------------+-------------+---------------+-------------+----------+----------------+----------+-----------------------------------------------------------------------------------------------------------------------------------------+
| Global Id | Driver Type/Pin | Driver Region (D) | Clock      | Period (ns) | Waveform (ns) | Slice Loads | IO Loads | Clocking Loads | GT Loads | Net                                                                                                                                     |
+-----------+-----------------+-------------------+------------+-------------+---------------+-------------+----------+----------------+----------+-----------------------------------------------------------------------------------------------------------------------------------------+
| g6        | BUFG/O          | n/a               | clk_fpga_0 |       8.000 | {0.000 4.000} |           0 |        0 |              1 |        0 | PSxB.ZynqxI/PlatformxB.ScalpZynqPSxI/vga_hdmi_clk_rst_sys_0/vga_hdmi_clock/inst/clk_in1_vga_hdmi_clk_rst_system_inst_0_vga_hdmi_clock_0 |
+-----------+-----------------+-------------------+------------+-------------+---------------+-------------+----------+----------------+----------+-----------------------------------------------------------------------------------------------------------------------------------------+
* Slice Loads column represents load cell count of all cell types other than IO, GT and clock resources
** IO Loads column represents load cell count of IO types
*** Clocking Loads column represents load cell count that are clock resources (global clock buffer, MMCM, PLL, etc)
**** GT Loads column represents load cell count of GT types


+----+----+----+-----------------------+
|    | X0 | X1 | HORIZONTAL PROG DELAY |
+----+----+----+-----------------------+
| Y2 |  0 |  0 |                     - |
| Y1 |  0 |  0 |                     - |
| Y0 |  1 |  0 |                     0 |
+----+----+----+-----------------------+


13. Device Cell Placement Summary for Global Clock g7
-----------------------------------------------------

+-----------+-----------------+-------------------+-----------------------------------+-------------+---------------+-------------+----------+----------------+----------+-------------------------------------------------------------------------------------------+
| Global Id | Driver Type/Pin | Driver Region (D) | Clock                             | Period (ns) | Waveform (ns) | Slice Loads | IO Loads | Clocking Loads | GT Loads | Net                                                                                       |
+-----------+-----------------+-------------------+-----------------------------------+-------------+---------------+-------------+----------+----------------+----------+-------------------------------------------------------------------------------------------+
| g7        | BUFG/O          | n/a               | clkfbout_scalp_zynqps_sys_clock_0 |       8.000 | {0.000 4.000} |           0 |        0 |              1 |        0 | PSxB.ZynqxI/PlatformxB.ScalpZynqPSxI/sys_clock/inst/clkfbout_buf_scalp_zynqps_sys_clock_0 |
+-----------+-----------------+-------------------+-----------------------------------+-------------+---------------+-------------+----------+----------------+----------+-------------------------------------------------------------------------------------------+
* Slice Loads column represents load cell count of all cell types other than IO, GT and clock resources
** IO Loads column represents load cell count of IO types
*** Clocking Loads column represents load cell count that are clock resources (global clock buffer, MMCM, PLL, etc)
**** GT Loads column represents load cell count of GT types


+----+----+----+-----------------------+
|    | X0 | X1 | HORIZONTAL PROG DELAY |
+----+----+----+-----------------------+
| Y2 |  0 |  1 |                     0 |
| Y1 |  0 |  0 |                     - |
| Y0 |  0 |  0 |                     - |
+----+----+----+-----------------------+


14. Device Cell Placement Summary for Global Clock g8
-----------------------------------------------------

+-----------+-----------------+-------------------+----------------------------------------------------------+-------------+----------------+-------------+----------+----------------+----------+----------------------------------------------------------------------------------------------------------------------------------------------+
| Global Id | Driver Type/Pin | Driver Region (D) | Clock                                                    | Period (ns) | Waveform (ns)  | Slice Loads | IO Loads | Clocking Loads | GT Loads | Net                                                                                                                                          |
+-----------+-----------------+-------------------+----------------------------------------------------------+-------------+----------------+-------------+----------+----------------+----------+----------------------------------------------------------------------------------------------------------------------------------------------+
| g8        | BUFG/O          | n/a               | clkfbout_vga_hdmi_clk_rst_system_inst_0_vga_hdmi_clock_0 |      40.000 | {0.000 20.000} |           0 |        0 |              1 |        0 | PSxB.ZynqxI/PlatformxB.ScalpZynqPSxI/vga_hdmi_clk_rst_sys_0/vga_hdmi_clock/inst/clkfbout_buf_vga_hdmi_clk_rst_system_inst_0_vga_hdmi_clock_0 |
+-----------+-----------------+-------------------+----------------------------------------------------------+-------------+----------------+-------------+----------+----------------+----------+----------------------------------------------------------------------------------------------------------------------------------------------+
* Slice Loads column represents load cell count of all cell types other than IO, GT and clock resources
** IO Loads column represents load cell count of IO types
*** Clocking Loads column represents load cell count that are clock resources (global clock buffer, MMCM, PLL, etc)
**** GT Loads column represents load cell count of GT types


+----+----+----+-----------------------+
|    | X0 | X1 | HORIZONTAL PROG DELAY |
+----+----+----+-----------------------+
| Y2 |  0 |  0 |                     - |
| Y1 |  0 |  0 |                     - |
| Y0 |  1 |  0 |                     0 |
+----+----+----+-----------------------+


15. Clock Region Cell Placement per Global Clock: Region X0Y0
-------------------------------------------------------------

+-----------+-------+-----------------+------------+-------------+-----------------+----+-------------+------+-----+----+------+-----+---------+----------------------------------------------------------------------------------------------------------------------------------------------+
| Global Id | Track | Driver Type/Pin | Constraint | Clock Loads | Non-Clock Loads | FF | Memory LUTs | RAMB | DSP | GT | MMCM | PLL | Hard IP | Net                                                                                                                                          |
+-----------+-------+-----------------+------------+-------------+-----------------+----+-------------+------+-----+----+------+-----+---------+----------------------------------------------------------------------------------------------------------------------------------------------+
| g2        | n/a   | BUFG/O          | None       |          10 |               0 |  0 |           0 |   10 |   0 |  0 |    0 |   0 |       0 | PSxB.ZynqxI/PlatformxB.ScalpZynqPSxI/vga_hdmi_clk_rst_sys_0/vga_hdmi_clock/inst/clk_vga                                                      |
| g3        | n/a   | BUFG/O          | None       |          36 |               0 | 26 |           0 |   10 |   0 |  0 |    0 |   0 |       0 | PSxB.ZynqxI/PlatformxB.ScalpZynqPSxI/sys_clock/inst/clk_100                                                                                  |
| g6        | n/a   | BUFG/O          | None       |           1 |               0 |  0 |           0 |    0 |   0 |  0 |    1 |   0 |       0 | PSxB.ZynqxI/PlatformxB.ScalpZynqPSxI/vga_hdmi_clk_rst_sys_0/vga_hdmi_clock/inst/clk_in1_vga_hdmi_clk_rst_system_inst_0_vga_hdmi_clock_0      |
| g8        | n/a   | BUFG/O          | None       |           1 |               0 |  0 |           0 |    0 |   0 |  0 |    1 |   0 |       0 | PSxB.ZynqxI/PlatformxB.ScalpZynqPSxI/vga_hdmi_clk_rst_sys_0/vga_hdmi_clock/inst/clkfbout_buf_vga_hdmi_clk_rst_system_inst_0_vga_hdmi_clock_0 |
+-----------+-------+-----------------+------------+-------------+-----------------+----+-------------+------+-----+----+------+-----+---------+----------------------------------------------------------------------------------------------------------------------------------------------+
* Clock Loads column represents cell count of net connects that connect to a clock pin. Internal cell leaf pins are not considered
** Non-Clock Loads column represents cell count of non-clock pin loads
*** Columns FF, LUTRAM, RAMB through 'Hard IP' represents load cell counts


16. Clock Region Cell Placement per Global Clock: Region X1Y0
-------------------------------------------------------------

+-----------+-------+-----------------+------------+-------------+-----------------+----+-------------+------+-----+----+------+-----+---------+-----------------------------------------------------------------------------------------+
| Global Id | Track | Driver Type/Pin | Constraint | Clock Loads | Non-Clock Loads | FF | Memory LUTs | RAMB | DSP | GT | MMCM | PLL | Hard IP | Net                                                                                     |
+-----------+-------+-----------------+------------+-------------+-----------------+----+-------------+------+-----+----+------+-----+---------+-----------------------------------------------------------------------------------------+
| g2        | n/a   | BUFG/O          | None       |          13 |               0 |  1 |           0 |   12 |   0 |  0 |    0 |   0 |       0 | PSxB.ZynqxI/PlatformxB.ScalpZynqPSxI/vga_hdmi_clk_rst_sys_0/vga_hdmi_clock/inst/clk_vga |
| g3        | n/a   | BUFG/O          | None       |          25 |               0 | 13 |           0 |   12 |   0 |  0 |    0 |   0 |       0 | PSxB.ZynqxI/PlatformxB.ScalpZynqPSxI/sys_clock/inst/clk_100                             |
+-----------+-------+-----------------+------------+-------------+-----------------+----+-------------+------+-----+----+------+-----+---------+-----------------------------------------------------------------------------------------+
* Clock Loads column represents cell count of net connects that connect to a clock pin. Internal cell leaf pins are not considered
** Non-Clock Loads column represents cell count of non-clock pin loads
*** Columns FF, LUTRAM, RAMB through 'Hard IP' represents load cell counts


17. Clock Region Cell Placement per Global Clock: Region X0Y1
-------------------------------------------------------------

+-----------+-------+-----------------+------------+-------------+-----------------+-----+-------------+------+-----+----+------+-----+---------+-------------------------------------------------------------+
| Global Id | Track | Driver Type/Pin | Constraint | Clock Loads | Non-Clock Loads | FF  | Memory LUTs | RAMB | DSP | GT | MMCM | PLL | Hard IP | Net                                                         |
+-----------+-------+-----------------+------------+-------------+-----------------+-----+-------------+------+-----+----+------+-----+---------+-------------------------------------------------------------+
| g0        | n/a   | BUFG/O          | None       |         866 |               0 | 807 |          59 |    0 |   0 |  0 |    0 |   0 |       0 | PSxB.ZynqxI/PlatformxB.ScalpZynqPSxI/sys_clock/inst/clk_125 |
+-----------+-------+-----------------+------------+-------------+-----------------+-----+-------------+------+-----+----+------+-----+---------+-------------------------------------------------------------+
* Clock Loads column represents cell count of net connects that connect to a clock pin. Internal cell leaf pins are not considered
** Non-Clock Loads column represents cell count of non-clock pin loads
*** Columns FF, LUTRAM, RAMB through 'Hard IP' represents load cell counts


18. Clock Region Cell Placement per Global Clock: Region X1Y1
-------------------------------------------------------------

+-----------+-------+-----------------+------------+-------------+-----------------+-----+-------------+------+-----+----+------+-----+---------+------------------------------------------------------------------------------------------+
| Global Id | Track | Driver Type/Pin | Constraint | Clock Loads | Non-Clock Loads | FF  | Memory LUTs | RAMB | DSP | GT | MMCM | PLL | Hard IP | Net                                                                                      |
+-----------+-------+-----------------+------------+-------------+-----------------+-----+-------------+------+-----+----+------+-----+---------+------------------------------------------------------------------------------------------+
| g0        | n/a   | BUFG/O          | None       |         197 |               0 | 179 |          18 |    0 |   0 |  0 |    0 |   0 |       0 | PSxB.ZynqxI/PlatformxB.ScalpZynqPSxI/sys_clock/inst/clk_125                              |
| g2        | n/a   | BUFG/O          | None       |         188 |               0 | 148 |           1 |   30 |   1 |  0 |    0 |   0 |       0 | PSxB.ZynqxI/PlatformxB.ScalpZynqPSxI/vga_hdmi_clk_rst_sys_0/vga_hdmi_clock/inst/clk_vga  |
| g3        | n/a   | BUFG/O          | None       |         104 |               0 |  74 |           0 |   30 |   0 |  0 |    0 |   0 |       0 | PSxB.ZynqxI/PlatformxB.ScalpZynqPSxI/sys_clock/inst/clk_100                              |
| g4        | n/a   | BUFG/O          | None       |           8 |               0 |   0 |           0 |    0 |   0 |  0 |    0 |   0 |       0 | PSxB.ZynqxI/PlatformxB.ScalpZynqPSxI/vga_hdmi_clk_rst_sys_0/vga_hdmi_clock/inst/clk_hdmi |
+-----------+-------+-----------------+------------+-------------+-----------------+-----+-------------+------+-----+----+------+-----+---------+------------------------------------------------------------------------------------------+
* Clock Loads column represents cell count of net connects that connect to a clock pin. Internal cell leaf pins are not considered
** Non-Clock Loads column represents cell count of non-clock pin loads
*** Columns FF, LUTRAM, RAMB through 'Hard IP' represents load cell counts


19. Clock Region Cell Placement per Global Clock: Region X0Y2
-------------------------------------------------------------

+-----------+-------+-----------------+------------+-------------+-----------------+------+-------------+------+-----+----+------+-----+---------+-------------------------------------------------------------+
| Global Id | Track | Driver Type/Pin | Constraint | Clock Loads | Non-Clock Loads | FF   | Memory LUTs | RAMB | DSP | GT | MMCM | PLL | Hard IP | Net                                                         |
+-----------+-------+-----------------+------------+-------------+-----------------+------+-------------+------+-----+----+------+-----+---------+-------------------------------------------------------------+
| g0        | n/a   | BUFG/O          | None       |        2027 |               0 | 2012 |          14 |    0 |   0 |  0 |    0 |   0 |       0 | PSxB.ZynqxI/PlatformxB.ScalpZynqPSxI/sys_clock/inst/clk_125 |
| g1        | n/a   | BUFG/O          | None       |         207 |               0 |  207 |           0 |    0 |   0 |  0 |    0 |   0 |       0 | dbg_hub/inst/BSCANID.u_xsdbm_id/itck_i                      |
+-----------+-------+-----------------+------------+-------------+-----------------+------+-------------+------+-----+----+------+-----+---------+-------------------------------------------------------------+
* Clock Loads column represents cell count of net connects that connect to a clock pin. Internal cell leaf pins are not considered
** Non-Clock Loads column represents cell count of non-clock pin loads
*** Columns FF, LUTRAM, RAMB through 'Hard IP' represents load cell counts


20. Clock Region Cell Placement per Global Clock: Region X1Y2
-------------------------------------------------------------

+-----------+-------+-----------------+------------+-------------+-----------------+-----+-------------+------+-----+----+------+-----+---------+-------------------------------------------------------------------------------------------+
| Global Id | Track | Driver Type/Pin | Constraint | Clock Loads | Non-Clock Loads | FF  | Memory LUTs | RAMB | DSP | GT | MMCM | PLL | Hard IP | Net                                                                                       |
+-----------+-------+-----------------+------------+-------------+-----------------+-----+-------------+------+-----+----+------+-----+---------+-------------------------------------------------------------------------------------------+
| g0        | n/a   | BUFG/O          | None       |         384 |               0 | 359 |          24 |    1 |   0 |  0 |    0 |   0 |       0 | PSxB.ZynqxI/PlatformxB.ScalpZynqPSxI/sys_clock/inst/clk_125                               |
| g1        | n/a   | BUFG/O          | None       |         251 |               0 | 251 |           0 |    0 |   0 |  0 |    0 |   0 |       0 | dbg_hub/inst/BSCANID.u_xsdbm_id/itck_i                                                    |
| g2        | n/a   | BUFG/O          | None       |          39 |               0 |   8 |           0 |   27 |   0 |  0 |    0 |   0 |       0 | PSxB.ZynqxI/PlatformxB.ScalpZynqPSxI/vga_hdmi_clk_rst_sys_0/vga_hdmi_clock/inst/clk_vga   |
| g3        | n/a   | BUFG/O          | None       |          70 |               0 |  39 |           0 |   27 |   0 |  0 |    0 |   0 |       0 | PSxB.ZynqxI/PlatformxB.ScalpZynqPSxI/sys_clock/inst/clk_100                               |
| g5        | n/a   | BUFG/O          | None       |           1 |               0 |   0 |           0 |    0 |   0 |  0 |    1 |   0 |       0 | PSxB.ZynqxI/PlatformxB.ScalpZynqPSxI/sys_clock/inst/clk_in1_scalp_zynqps_sys_clock_0      |
| g7        | n/a   | BUFG/O          | None       |           1 |               0 |   0 |           0 |    0 |   0 |  0 |    1 |   0 |       0 | PSxB.ZynqxI/PlatformxB.ScalpZynqPSxI/sys_clock/inst/clkfbout_buf_scalp_zynqps_sys_clock_0 |
+-----------+-------+-----------------+------------+-------------+-----------------+-----+-------------+------+-----+----+------+-----+---------+-------------------------------------------------------------------------------------------+
* Clock Loads column represents cell count of net connects that connect to a clock pin. Internal cell leaf pins are not considered
** Non-Clock Loads column represents cell count of non-clock pin loads
*** Columns FF, LUTRAM, RAMB through 'Hard IP' represents load cell counts



# Location of BUFG Primitives 
set_property LOC BUFGCTRL_X0Y2 [get_cells dbg_hub/inst/BSCANID.u_xsdbm_id/SWITCH_N_EXT_BSCAN.u_bufg_icon_tck]
set_property LOC BUFGCTRL_X0Y3 [get_cells PSxB.ZynqxI/PlatformxB.ScalpZynqPSxI/vga_hdmi_clk_rst_sys_0/vga_hdmi_clock/inst/clkf_buf]
set_property LOC BUFGCTRL_X0Y0 [get_cells PSxB.ZynqxI/PlatformxB.ScalpZynqPSxI/vga_hdmi_clk_rst_sys_0/vga_hdmi_clock/inst/clkout1_buf]
set_property LOC BUFGCTRL_X0Y20 [get_cells PSxB.ZynqxI/PlatformxB.ScalpZynqPSxI/vga_hdmi_clk_rst_sys_0/vga_hdmi_clock/inst/clkin1_bufg]
set_property LOC BUFGCTRL_X0Y1 [get_cells PSxB.ZynqxI/PlatformxB.ScalpZynqPSxI/vga_hdmi_clk_rst_sys_0/vga_hdmi_clock/inst/clkout2_buf]
set_property LOC BUFGCTRL_X0Y18 [get_cells PSxB.ZynqxI/PlatformxB.ScalpZynqPSxI/sys_clock/inst/clkf_buf]
set_property LOC BUFGCTRL_X0Y19 [get_cells PSxB.ZynqxI/PlatformxB.ScalpZynqPSxI/sys_clock/inst/clkin1_bufg]
set_property LOC BUFGCTRL_X0Y16 [get_cells PSxB.ZynqxI/PlatformxB.ScalpZynqPSxI/sys_clock/inst/clkout1_buf]
set_property LOC BUFGCTRL_X0Y17 [get_cells PSxB.ZynqxI/PlatformxB.ScalpZynqPSxI/sys_clock/inst/clkout2_buf]

# Location of IO Primitives which is load of clock spine

# Location of clock ports

# Clock net "dbg_hub/inst/BSCANID.u_xsdbm_id/itck_i" driven by instance "dbg_hub/inst/BSCANID.u_xsdbm_id/SWITCH_N_EXT_BSCAN.u_bufg_icon_tck" located at site "BUFGCTRL_X0Y2"
#startgroup
create_pblock {CLKAG_dbg_hub/inst/BSCANID.u_xsdbm_id/itck_i}
add_cells_to_pblock [get_pblocks  {CLKAG_dbg_hub/inst/BSCANID.u_xsdbm_id/itck_i}] [get_cells -filter { PRIMITIVE_GROUP != I/O && IS_PRIMITIVE==1 && PRIMITIVE_LEVEL !=INTERNAL } -of_object [get_pins -filter {DIRECTION==IN} -of_objects [get_nets -hierarchical -filter {PARENT=="dbg_hub/inst/BSCANID.u_xsdbm_id/itck_i"}]]]
resize_pblock [get_pblocks {CLKAG_dbg_hub/inst/BSCANID.u_xsdbm_id/itck_i}] -add {CLOCKREGION_X0Y2:CLOCKREGION_X0Y2 CLOCKREGION_X1Y2:CLOCKREGION_X1Y2}
#endgroup

# Clock net "PSxB.ZynqxI/PlatformxB.ScalpZynqPSxI/vga_hdmi_clk_rst_sys_0/vga_hdmi_clock/inst/clk_vga" driven by instance "PSxB.ZynqxI/PlatformxB.ScalpZynqPSxI/vga_hdmi_clk_rst_sys_0/vga_hdmi_clock/inst/clkout1_buf" located at site "BUFGCTRL_X0Y0"
#startgroup
create_pblock {CLKAG_PSxB.ZynqxI/PlatformxB.ScalpZynqPSxI/vga_hdmi_clk_rst_sys_0/vga_hdmi_clock/inst/clk_vga}
add_cells_to_pblock [get_pblocks  {CLKAG_PSxB.ZynqxI/PlatformxB.ScalpZynqPSxI/vga_hdmi_clk_rst_sys_0/vga_hdmi_clock/inst/clk_vga}] [get_cells -filter { PRIMITIVE_GROUP != I/O && IS_PRIMITIVE==1 && PRIMITIVE_LEVEL !=INTERNAL } -of_object [get_pins -filter {DIRECTION==IN} -of_objects [get_nets -hierarchical -filter {PARENT=="PSxB.ZynqxI/PlatformxB.ScalpZynqPSxI/vga_hdmi_clk_rst_sys_0/vga_hdmi_clock/inst/clk_vga"}]]]
resize_pblock [get_pblocks {CLKAG_PSxB.ZynqxI/PlatformxB.ScalpZynqPSxI/vga_hdmi_clk_rst_sys_0/vga_hdmi_clock/inst/clk_vga}] -add {CLOCKREGION_X0Y0:CLOCKREGION_X0Y0 CLOCKREGION_X1Y0:CLOCKREGION_X1Y0 CLOCKREGION_X1Y1:CLOCKREGION_X1Y1 CLOCKREGION_X1Y2:CLOCKREGION_X1Y2}
#endgroup

# Clock net "PSxB.ZynqxI/PlatformxB.ScalpZynqPSxI/vga_hdmi_clk_rst_sys_0/vga_hdmi_clock/inst/clk_hdmi" driven by instance "PSxB.ZynqxI/PlatformxB.ScalpZynqPSxI/vga_hdmi_clk_rst_sys_0/vga_hdmi_clock/inst/clkout2_buf" located at site "BUFGCTRL_X0Y1"
#startgroup
create_pblock {CLKAG_PSxB.ZynqxI/PlatformxB.ScalpZynqPSxI/vga_hdmi_clk_rst_sys_0/vga_hdmi_clock/inst/clk_hdmi}
add_cells_to_pblock [get_pblocks  {CLKAG_PSxB.ZynqxI/PlatformxB.ScalpZynqPSxI/vga_hdmi_clk_rst_sys_0/vga_hdmi_clock/inst/clk_hdmi}] [get_cells -filter { PRIMITIVE_GROUP != I/O && IS_PRIMITIVE==1 && PRIMITIVE_LEVEL !=INTERNAL } -of_object [get_pins -filter {DIRECTION==IN} -of_objects [get_nets -hierarchical -filter {PARENT=="PSxB.ZynqxI/PlatformxB.ScalpZynqPSxI/vga_hdmi_clk_rst_sys_0/vga_hdmi_clock/inst/clk_hdmi"}]]]
resize_pblock [get_pblocks {CLKAG_PSxB.ZynqxI/PlatformxB.ScalpZynqPSxI/vga_hdmi_clk_rst_sys_0/vga_hdmi_clock/inst/clk_hdmi}] -add {CLOCKREGION_X1Y1:CLOCKREGION_X1Y1}
#endgroup

# Clock net "PSxB.ZynqxI/PlatformxB.ScalpZynqPSxI/sys_clock/inst/clk_125" driven by instance "PSxB.ZynqxI/PlatformxB.ScalpZynqPSxI/sys_clock/inst/clkout1_buf" located at site "BUFGCTRL_X0Y16"
#startgroup
create_pblock {CLKAG_PSxB.ZynqxI/PlatformxB.ScalpZynqPSxI/sys_clock/inst/clk_125}
add_cells_to_pblock [get_pblocks  {CLKAG_PSxB.ZynqxI/PlatformxB.ScalpZynqPSxI/sys_clock/inst/clk_125}] [get_cells -filter { PRIMITIVE_GROUP != I/O && IS_PRIMITIVE==1 && PRIMITIVE_LEVEL !=INTERNAL } -of_object [get_pins -filter {DIRECTION==IN} -of_objects [get_nets -hierarchical -filter {PARENT=="PSxB.ZynqxI/PlatformxB.ScalpZynqPSxI/sys_clock/inst/clk_125"}]]]
resize_pblock [get_pblocks {CLKAG_PSxB.ZynqxI/PlatformxB.ScalpZynqPSxI/sys_clock/inst/clk_125}] -add {CLOCKREGION_X0Y1:CLOCKREGION_X0Y1 CLOCKREGION_X0Y2:CLOCKREGION_X0Y2 CLOCKREGION_X1Y1:CLOCKREGION_X1Y1 CLOCKREGION_X1Y2:CLOCKREGION_X1Y2}
#endgroup

# Clock net "PSxB.ZynqxI/PlatformxB.ScalpZynqPSxI/sys_clock/inst/clk_100" driven by instance "PSxB.ZynqxI/PlatformxB.ScalpZynqPSxI/sys_clock/inst/clkout2_buf" located at site "BUFGCTRL_X0Y17"
#startgroup
create_pblock {CLKAG_PSxB.ZynqxI/PlatformxB.ScalpZynqPSxI/sys_clock/inst/clk_100}
add_cells_to_pblock [get_pblocks  {CLKAG_PSxB.ZynqxI/PlatformxB.ScalpZynqPSxI/sys_clock/inst/clk_100}] [get_cells -filter { PRIMITIVE_GROUP != I/O && IS_PRIMITIVE==1 && PRIMITIVE_LEVEL !=INTERNAL } -of_object [get_pins -filter {DIRECTION==IN} -of_objects [get_nets -hierarchical -filter {PARENT=="PSxB.ZynqxI/PlatformxB.ScalpZynqPSxI/sys_clock/inst/clk_100"}]]]
resize_pblock [get_pblocks {CLKAG_PSxB.ZynqxI/PlatformxB.ScalpZynqPSxI/sys_clock/inst/clk_100}] -add {CLOCKREGION_X0Y0:CLOCKREGION_X0Y0 CLOCKREGION_X1Y0:CLOCKREGION_X1Y0 CLOCKREGION_X1Y1:CLOCKREGION_X1Y1 CLOCKREGION_X1Y2:CLOCKREGION_X1Y2}
#endgroup
