#-----------------------------------------------------------
# Vivado v2025.2 (64-bit)
# SW Build 6299465 on Fri Nov 14 19:35:11 GMT 2025
# IP Build 6300035 on Fri Nov 14 10:48:45 MST 2025
# SharedData Build 6298862 on Thu Nov 13 04:50:51 MST 2025
# Start of session at: Sat Apr 18 18:45:43 2026
# Process ID         : 16852
# Current directory  : C:/lpsc/mandelbrot/scalp_user_design/scalp_user_design.runs/impl_1
# Command line       : vivado.exe -log scalp_user_design.vdi -applog -product Vivado -messageDb vivado.pb -mode batch -source scalp_user_design.tcl -notrace
# Log file           : C:/lpsc/mandelbrot/scalp_user_design/scalp_user_design.runs/impl_1/scalp_user_design.vdi
# Journal file       : C:/lpsc/mandelbrot/scalp_user_design/scalp_user_design.runs/impl_1\vivado.jou
# Running On         : ma2s
# Platform           : Windows Server 2016 or Windows 10
# Operating System   : 26200
# Processor Detail   : Intel(R) Core(TM) i7-14700K
# CPU Frequency      : 3418 MHz
# CPU Physical cores : 20
# CPU Logical cores  : 28
# Host memory        : 68447 MB
# Swap memory        : 4294 MB
# Total Virtual      : 72742 MB
# Available Virtual  : 42687 MB
#-----------------------------------------------------------
source scalp_user_design.tcl -notrace
