Copyright 1986-2022 Xilinx, Inc. All Rights Reserved. Copyright 2022-2025 Advanced Micro Devices, Inc. All Rights Reserved.
-----------------------------------------------------------------------------------------------------------------------------------------------------------------------------------------
| Tool Version : Vivado v.2025.2 (win64) Build 6299465 Fri Nov 14 19:35:11 GMT 2025
| Date         : Tue Mar  3 19:32:45 2026
| Host         : LAPTOP-E00F6MUN running 64-bit major release  (build 9200)
| Command      : report_methodology -file scalp_user_design_methodology_drc_routed.rpt -pb scalp_user_design_methodology_drc_routed.pb -rpx scalp_user_design_methodology_drc_routed.rpx
| Design       : scalp_user_design
| Device       : xc7z015clg485-2
| Speed File   : -2
| Design State : Fully Routed
-----------------------------------------------------------------------------------------------------------------------------------------------------------------------------------------

Report Methodology

Table of Contents
-----------------
1. REPORT SUMMARY
2. REPORT DETAILS

1. REPORT SUMMARY
-----------------
            Netlist: netlist
          Floorplan: design_1
      Design limits: <entire design considered>
             Max checks: <unlimited>
             Checks found: 24
+-----------+----------+-------------------------------+--------+
| Rule      | Severity | Description                   | Checks |
+-----------+----------+-------------------------------+--------+
| LUTAR-1   | Warning  | LUT drives async reset alert  | 6      |
| TIMING-18 | Warning  | Missing input or output delay | 18     |
+-----------+----------+-------------------------------+--------+

2. REPORT DETAILS
-----------------
LUTAR-1#1 Warning
LUT drives async reset alert  
LUT cell PSxB.ZynqxI/PLxB.ImGenxB.PixelxD[RxD][7]_i_2, with 2 or more inputs, drives asynchronous preset/clear pin(s) PLxB.ImGenxB.PixelxD_reg[GxD][1]/CLR, PLxB.ImGenxB.PixelxD_reg[GxD][2]/CLR,
PLxB.ImGenxB.PixelxD_reg[GxD][3]/CLR, PLxB.ImGenxB.PixelxD_reg[GxD][4]/CLR,
PLxB.ImGenxB.PixelxD_reg[GxD][5]/CLR, PLxB.ImGenxB.PixelxD_reg[GxD][6]/CLR,
PLxB.ImGenxB.PixelxD_reg[GxD][7]/CLR, PLxB.ImGenxB.PixelxD_reg[RxD][0]/CLR,
PLxB.ImGenxB.PixelxD_reg[RxD][1]/CLR, PLxB.ImGenxB.PixelxD_reg[RxD][2]/CLR,
PLxB.ImGenxB.PixelxD_reg[RxD][3]/CLR, PLxB.ImGenxB.PixelxD_reg[RxD][4]/CLR,
PLxB.ImGenxB.PixelxD_reg[RxD][5]/CLR, PLxB.ImGenxB.PixelxD_reg[RxD][6]/CLR,
PLxB.ImGenxB.PixelxD_reg[RxD][7]/CLR (the first 15 of 24 listed). The LUT may glitch and trigger an unexpected reset, even if it is a properly timed path.
Related violations: <none>

LUTAR-1#2 Warning
LUT drives async reset alert  
LUT cell PSxB.ZynqxI/VgaPixCountersxD[HxD][15]_i_2, with 2 or more inputs, drives asynchronous preset/clear pin(s) PLxB.HdmixB.TxxI/Vga2HdmiConvertxB.VgaxI/VgaxB.VgaControlerxI/VgaPixCountersxD_reg[VxD][12]/CLR,
PLxB.HdmixB.TxxI/Vga2HdmiConvertxB.VgaxI/VgaxB.VgaControlerxI/VgaPixCountersxD_reg[VxD][13]/CLR,
PLxB.HdmixB.TxxI/Vga2HdmiConvertxB.VgaxI/VgaxB.VgaControlerxI/VgaPixCountersxD_reg[VxD][14]/CLR,
PLxB.HdmixB.TxxI/Vga2HdmiConvertxB.VgaxI/VgaxB.VgaControlerxI/VgaPixCountersxD_reg[VxD][15]/CLR,
PLxB.HdmixB.TxxI/Vga2HdmiConvertxB.VgaxI/VgaxB.VgaControlerxI/VgaPixCountersxD_reg[VxD][1]/CLR,
PLxB.HdmixB.TxxI/Vga2HdmiConvertxB.VgaxI/VgaxB.VgaControlerxI/VgaPixCountersxD_reg[VxD][2]/CLR,
PLxB.HdmixB.TxxI/Vga2HdmiConvertxB.VgaxI/VgaxB.VgaControlerxI/VgaPixCountersxD_reg[VxD][3]/CLR,
PLxB.HdmixB.TxxI/Vga2HdmiConvertxB.VgaxI/VgaxB.VgaControlerxI/VgaPixCountersxD_reg[VxD][4]/CLR,
PLxB.HdmixB.TxxI/Vga2HdmiConvertxB.VgaxI/VgaxB.VgaControlerxI/VgaPixCountersxD_reg[VxD][5]/CLR,
PLxB.HdmixB.TxxI/Vga2HdmiConvertxB.VgaxI/VgaxB.VgaControlerxI/VgaPixCountersxD_reg[VxD][6]/CLR,
PLxB.HdmixB.TxxI/Vga2HdmiConvertxB.VgaxI/VgaxB.VgaControlerxI/VgaPixCountersxD_reg[VxD][7]/CLR,
PLxB.HdmixB.TxxI/Vga2HdmiConvertxB.VgaxI/VgaxB.VgaControlerxI/VgaPixCountersxD_reg[VxD][8]/CLR,
PLxB.HdmixB.TxxI/Vga2HdmiConvertxB.VgaxI/VgaxB.VgaControlerxI/VgaPixCountersxD_reg[VxD][9]/CLR,
PLxB.HdmixB.TxxI/Vga2HdmiConvertxB.VgaxI/VgaxB.VgaControlerxI/VgaSyncxS_reg[HxS]/CLR,
PLxB.HdmixB.TxxI/Vga2HdmiConvertxB.VgaxI/VgaxB.VgaControlerxI/VgaSyncxS_reg[VxS]/CLR
 (the first 15 of 35 listed). The LUT may glitch and trigger an unexpected reset, even if it is a properly timed path.
Related violations: <none>

LUTAR-1#3 Warning
LUT drives async reset alert  
LUT cell dbg_hub/inst/BSCANID.u_xsdbm_id/CORE_XSDB.UUT_MASTER/U_ICON_INTERFACE/U_CMD6_RD/U_RD_FIFO/SUBCORE_FIFO.xsdbm_v3_0_5_rdfifo_inst/inst_fifo_gen/gconvfifo.rf/grf.rf/rstblk/ngwrdrst.grst.g7serrst.gwrrd_rst_sync_stage[2].rrst_inst/ngwrdrst.grst.g7serrst.rd_rst_reg[2]_i_1, with 2 or more inputs, drives asynchronous preset/clear pin(s) dbg_hub/inst/BSCANID.u_xsdbm_id/CORE_XSDB.UUT_MASTER/U_ICON_INTERFACE/U_CMD6_RD/U_RD_FIFO/SUBCORE_FIFO.xsdbm_v3_0_5_rdfifo_inst/inst_fifo_gen/gconvfifo.rf/grf.rf/rstblk/ngwrdrst.grst.g7serrst.rd_rst_reg_reg[0]/PRE,
dbg_hub/inst/BSCANID.u_xsdbm_id/CORE_XSDB.UUT_MASTER/U_ICON_INTERFACE/U_CMD6_RD/U_RD_FIFO/SUBCORE_FIFO.xsdbm_v3_0_5_rdfifo_inst/inst_fifo_gen/gconvfifo.rf/grf.rf/rstblk/ngwrdrst.grst.g7serrst.rd_rst_reg_reg[1]/PRE
dbg_hub/inst/BSCANID.u_xsdbm_id/CORE_XSDB.UUT_MASTER/U_ICON_INTERFACE/U_CMD6_RD/U_RD_FIFO/SUBCORE_FIFO.xsdbm_v3_0_5_rdfifo_inst/inst_fifo_gen/gconvfifo.rf/grf.rf/rstblk/ngwrdrst.grst.g7serrst.rd_rst_reg_reg[2]/PRE. The LUT may glitch and trigger an unexpected reset, even if it is a properly timed path.
Related violations: <none>

LUTAR-1#4 Warning
LUT drives async reset alert  
LUT cell dbg_hub/inst/BSCANID.u_xsdbm_id/CORE_XSDB.UUT_MASTER/U_ICON_INTERFACE/U_CMD6_RD/U_RD_FIFO/SUBCORE_FIFO.xsdbm_v3_0_5_rdfifo_inst/inst_fifo_gen/gconvfifo.rf/grf.rf/rstblk/ngwrdrst.grst.g7serrst.gwrrd_rst_sync_stage[2].wrst_inst/ngwrdrst.grst.g7serrst.wr_rst_reg[2]_i_1, with 2 or more inputs, drives asynchronous preset/clear pin(s) dbg_hub/inst/BSCANID.u_xsdbm_id/CORE_XSDB.UUT_MASTER/U_ICON_INTERFACE/U_CMD6_RD/U_RD_FIFO/SUBCORE_FIFO.xsdbm_v3_0_5_rdfifo_inst/inst_fifo_gen/gconvfifo.rf/grf.rf/rstblk/ngwrdrst.grst.g7serrst.wr_rst_reg_reg[0]/PRE,
dbg_hub/inst/BSCANID.u_xsdbm_id/CORE_XSDB.UUT_MASTER/U_ICON_INTERFACE/U_CMD6_RD/U_RD_FIFO/SUBCORE_FIFO.xsdbm_v3_0_5_rdfifo_inst/inst_fifo_gen/gconvfifo.rf/grf.rf/rstblk/ngwrdrst.grst.g7serrst.wr_rst_reg_reg[1]/PRE
dbg_hub/inst/BSCANID.u_xsdbm_id/CORE_XSDB.UUT_MASTER/U_ICON_INTERFACE/U_CMD6_RD/U_RD_FIFO/SUBCORE_FIFO.xsdbm_v3_0_5_rdfifo_inst/inst_fifo_gen/gconvfifo.rf/grf.rf/rstblk/ngwrdrst.grst.g7serrst.wr_rst_reg_reg[2]/PRE. The LUT may glitch and trigger an unexpected reset, even if it is a properly timed path.
Related violations: <none>

LUTAR-1#5 Warning
LUT drives async reset alert  
LUT cell dbg_hub/inst/BSCANID.u_xsdbm_id/CORE_XSDB.UUT_MASTER/U_ICON_INTERFACE/U_CMD6_WR/U_WR_FIFO/SUBCORE_FIFO.xsdbm_v3_0_5_wrfifo_inst/inst_fifo_gen/gconvfifo.rf/grf.rf/rstblk/ngwrdrst.grst.g7serrst.gwrrd_rst_sync_stage[2].rrst_inst/ngwrdrst.grst.g7serrst.rd_rst_reg[2]_i_1, with 2 or more inputs, drives asynchronous preset/clear pin(s) dbg_hub/inst/BSCANID.u_xsdbm_id/CORE_XSDB.UUT_MASTER/U_ICON_INTERFACE/U_CMD6_WR/U_WR_FIFO/SUBCORE_FIFO.xsdbm_v3_0_5_wrfifo_inst/inst_fifo_gen/gconvfifo.rf/grf.rf/rstblk/ngwrdrst.grst.g7serrst.rd_rst_reg_reg[0]/PRE,
dbg_hub/inst/BSCANID.u_xsdbm_id/CORE_XSDB.UUT_MASTER/U_ICON_INTERFACE/U_CMD6_WR/U_WR_FIFO/SUBCORE_FIFO.xsdbm_v3_0_5_wrfifo_inst/inst_fifo_gen/gconvfifo.rf/grf.rf/rstblk/ngwrdrst.grst.g7serrst.rd_rst_reg_reg[1]/PRE
dbg_hub/inst/BSCANID.u_xsdbm_id/CORE_XSDB.UUT_MASTER/U_ICON_INTERFACE/U_CMD6_WR/U_WR_FIFO/SUBCORE_FIFO.xsdbm_v3_0_5_wrfifo_inst/inst_fifo_gen/gconvfifo.rf/grf.rf/rstblk/ngwrdrst.grst.g7serrst.rd_rst_reg_reg[2]/PRE. The LUT may glitch and trigger an unexpected reset, even if it is a properly timed path.
Related violations: <none>

LUTAR-1#6 Warning
LUT drives async reset alert  
LUT cell dbg_hub/inst/BSCANID.u_xsdbm_id/CORE_XSDB.UUT_MASTER/U_ICON_INTERFACE/U_CMD6_WR/U_WR_FIFO/SUBCORE_FIFO.xsdbm_v3_0_5_wrfifo_inst/inst_fifo_gen/gconvfifo.rf/grf.rf/rstblk/ngwrdrst.grst.g7serrst.gwrrd_rst_sync_stage[2].wrst_inst/ngwrdrst.grst.g7serrst.wr_rst_reg[2]_i_1, with 2 or more inputs, drives asynchronous preset/clear pin(s) dbg_hub/inst/BSCANID.u_xsdbm_id/CORE_XSDB.UUT_MASTER/U_ICON_INTERFACE/U_CMD6_WR/U_WR_FIFO/SUBCORE_FIFO.xsdbm_v3_0_5_wrfifo_inst/inst_fifo_gen/gconvfifo.rf/grf.rf/rstblk/ngwrdrst.grst.g7serrst.wr_rst_reg_reg[0]/PRE,
dbg_hub/inst/BSCANID.u_xsdbm_id/CORE_XSDB.UUT_MASTER/U_ICON_INTERFACE/U_CMD6_WR/U_WR_FIFO/SUBCORE_FIFO.xsdbm_v3_0_5_wrfifo_inst/inst_fifo_gen/gconvfifo.rf/grf.rf/rstblk/ngwrdrst.grst.g7serrst.wr_rst_reg_reg[1]/PRE
dbg_hub/inst/BSCANID.u_xsdbm_id/CORE_XSDB.UUT_MASTER/U_ICON_INTERFACE/U_CMD6_WR/U_WR_FIFO/SUBCORE_FIFO.xsdbm_v3_0_5_wrfifo_inst/inst_fifo_gen/gconvfifo.rf/grf.rf/rstblk/ngwrdrst.grst.g7serrst.wr_rst_reg_reg[2]/PRE. The LUT may glitch and trigger an unexpected reset, even if it is a properly timed path.
Related violations: <none>

TIMING-18#1 Warning
Missing input or output delay  
An input delay is missing on IoExtIICSclxDIO relative to the rising and/or falling clock edge(s) of clk_fpga_0.
Related violations: <none>

TIMING-18#2 Warning
Missing input or output delay  
An input delay is missing on IoExtIICSdaxDIO relative to the rising and/or falling clock edge(s) of clk_fpga_0.
Related violations: <none>

TIMING-18#3 Warning
Missing input or output delay  
An input delay is missing on JoystickxDI[0] relative to the rising and/or falling clock edge(s) of clk_fpga_0.
Related violations: <none>

TIMING-18#4 Warning
Missing input or output delay  
An input delay is missing on JoystickxDI[1] relative to the rising and/or falling clock edge(s) of clk_fpga_0.
Related violations: <none>

TIMING-18#5 Warning
Missing input or output delay  
An input delay is missing on JoystickxDI[2] relative to the rising and/or falling clock edge(s) of clk_fpga_0.
Related violations: <none>

TIMING-18#6 Warning
Missing input or output delay  
An input delay is missing on JoystickxDI[3] relative to the rising and/or falling clock edge(s) of clk_fpga_0.
Related violations: <none>

TIMING-18#7 Warning
Missing input or output delay  
An input delay is missing on JoystickxDI[4] relative to the rising and/or falling clock edge(s) of clk_fpga_0.
Related violations: <none>

TIMING-18#8 Warning
Missing input or output delay  
An input delay is missing on SwitchesxDI[0] relative to the rising and/or falling clock edge(s) of clk_fpga_0.
Related violations: <none>

TIMING-18#9 Warning
Missing input or output delay  
An input delay is missing on SwitchesxDI[1] relative to the rising and/or falling clock edge(s) of clk_fpga_0.
Related violations: <none>

TIMING-18#10 Warning
Missing input or output delay  
An output delay is missing on IoExtIICSclxDIO relative to the rising and/or falling clock edge(s) of clk_fpga_0.
Related violations: <none>

TIMING-18#11 Warning
Missing input or output delay  
An output delay is missing on IoExtIICSdaxDIO relative to the rising and/or falling clock edge(s) of clk_fpga_0.
Related violations: <none>

TIMING-18#12 Warning
Missing input or output delay  
An output delay is missing on Led12V5BxSO relative to the rising and/or falling clock edge(s) of clk_fpga_0.
Related violations: <none>

TIMING-18#13 Warning
Missing input or output delay  
An output delay is missing on Led12V5GxSO relative to the rising and/or falling clock edge(s) of clk_fpga_0.
Related violations: <none>

TIMING-18#14 Warning
Missing input or output delay  
An output delay is missing on Led12V5RxSO relative to the rising and/or falling clock edge(s) of clk_fpga_0.
Related violations: <none>

TIMING-18#15 Warning
Missing input or output delay  
An output delay is missing on Led22V5BxSO relative to the rising and/or falling clock edge(s) of clk_fpga_0.
Related violations: <none>

TIMING-18#16 Warning
Missing input or output delay  
An output delay is missing on Led22V5GxSO relative to the rising and/or falling clock edge(s) of clk_fpga_0.
Related violations: <none>

TIMING-18#17 Warning
Missing input or output delay  
An output delay is missing on Led22V5RxSO relative to the rising and/or falling clock edge(s) of clk_fpga_0.
Related violations: <none>

TIMING-18#18 Warning
Missing input or output delay  
An output delay is missing on SelfRstxRNO relative to the rising and/or falling clock edge(s) of clk_fpga_0.
Related violations: <none>


