
*** Running vivado
    with args -log scalp_zynqps_xbar_0.vds -m64 -product Vivado -mode batch -messageDb vivado.pb -notrace -source scalp_zynqps_xbar_0.tcl



****** Vivado v2025.2 (64-bit)
  **** SW Build 6299465 on Fri Nov 14 19:35:11 GMT 2025
  **** IP Build 6300035 on Fri Nov 14 10:48:45 MST 2025
  **** SharedData Build 6298862 on Thu Nov 13 04:50:51 MST 2025
  **** Start of session at: Tue Mar 10 21:56:26 2026
    ** Copyright 1986-2022 Xilinx, Inc. All Rights Reserved.
    ** Copyright 2022-2025 Advanced Micro Devices, Inc. All Rights Reserved.

source scalp_zynqps_xbar_0.tcl -notrace
create_project: Time (s): cpu = 00:00:10 ; elapsed = 00:00:08 . Memory (MB): peak = 529.340 ; gain = 222.578
INFO: [IP_Flow 19-234] Refreshing IP repositories
INFO: [IP_Flow 19-1700] Loaded user IP repository 'c:/master/lpsc/scalp_board_files-main/scalp_revc_windows'.
WARNING: [IP_Flow 19-3656] If you move the project, the path for repository 'c:/master/lpsc/scalp_board_files-main/scalp_revc_windows' may become invalid. A better location for the repository would be in a path adjacent to the project. (Current project location is 'c:/master/lpsc/scalp_board_files-main/scalp_revc_windows/scalp_user_design/scalp_user_design.runs/scalp_zynqps_xbar_0_synth_1'.)
INFO: [IP_Flow 19-2313] Loaded Vivado IP repository 'C:/AMDDesignTools/2025.2/Vivado/data/ip'.
WARNING: [IP_Flow 19-4995] The host OS only allows 260 characters in a normal path. The IP cache path is more than 80 characters. If you experience issues with IP caching, please consider changing the IP cache to a location with a shorter path. Alternately consider using the OS subst command to map part of the path to a drive letter. 
Current IP cache path is c:/master/lpsc/scalp_board_files-main/scalp_revc_windows/scalp_user_design/scalp_user_design.cache/ip 
Command: synth_design -top scalp_zynqps_xbar_0 -part xc7z015clg485-2 -incremental_mode off -mode out_of_context
Starting synth_design
INFO: [IP_Flow 19-2162] IP 'scalp_zynqps_xbar_0' is locked:
* IP definition 'AXI Crossbar (2.1)' for IP 'scalp_zynqps_xbar_0' (customized with software release 2023.2) has a different revision in the IP Catalog.
Attempting to get a license for feature 'Synthesis' and/or device 'xc7z015'
INFO: [Common 17-349] Got license for feature 'Synthesis' and/or device 'xc7z015'
INFO: [Device 21-403] Loading part xc7z015clg485-2
INFO: [Synth 8-7079] Multithreading enabled for synth_design using a maximum of 2 processes.
INFO: [Synth 8-7078] Launching helper process for spawning children vivado processes
INFO: [Synth 8-7075] Helper process launched with PID 34428
---------------------------------------------------------------------------------
Starting RTL Elaboration : Time (s): cpu = 00:00:07 ; elapsed = 00:00:07 . Memory (MB): peak = 1320.430 ; gain = 539.570
---------------------------------------------------------------------------------
INFO: [Synth 8-6157] synthesizing module 'scalp_zynqps_xbar_0' [c:/master/lpsc/scalp_board_files-main/scalp_revc_windows/scalp_zynqps/ip/scalp_zynqps_xbar_0/synth/scalp_zynqps_xbar_0.v:53]
INFO: [Synth 8-6157] synthesizing module 'axi_crossbar_v2_1_30_axi_crossbar' [c:/master/lpsc/scalp_board_files-main/scalp_revc_windows/scalp_zynqps/ipshared/fb47/hdl/axi_crossbar_v2_1_vl_rfs.v:4871]
INFO: [Synth 8-6157] synthesizing module 'axi_crossbar_v2_1_30_crossbar_sasd' [c:/master/lpsc/scalp_board_files-main/scalp_revc_windows/scalp_zynqps/ipshared/fb47/hdl/axi_crossbar_v2_1_vl_rfs.v:1234]
INFO: [Synth 8-6157] synthesizing module 'axi_crossbar_v2_1_30_addr_decoder' [c:/master/lpsc/scalp_board_files-main/scalp_revc_windows/scalp_zynqps/ipshared/fb47/hdl/axi_crossbar_v2_1_vl_rfs.v:790]
INFO: [Synth 8-6157] synthesizing module 'generic_baseblocks_v2_1_1_comparator_static' [c:/master/lpsc/scalp_board_files-main/scalp_revc_windows/scalp_zynqps/ipshared/10ab/hdl/generic_baseblocks_v2_1_vl_rfs.v:2119]
INFO: [Synth 8-6157] synthesizing module 'generic_baseblocks_v2_1_1_carry_and' [c:/master/lpsc/scalp_board_files-main/scalp_revc_windows/scalp_zynqps/ipshared/10ab/hdl/generic_baseblocks_v2_1_vl_rfs.v:60]
INFO: [Synth 8-6155] done synthesizing module 'generic_baseblocks_v2_1_1_carry_and' (0#1) [c:/master/lpsc/scalp_board_files-main/scalp_revc_windows/scalp_zynqps/ipshared/10ab/hdl/generic_baseblocks_v2_1_vl_rfs.v:60]
INFO: [Synth 8-6155] done synthesizing module 'generic_baseblocks_v2_1_1_comparator_static' (0#1) [c:/master/lpsc/scalp_board_files-main/scalp_revc_windows/scalp_zynqps/ipshared/10ab/hdl/generic_baseblocks_v2_1_vl_rfs.v:2119]
INFO: [Synth 8-6157] synthesizing module 'generic_baseblocks_v2_1_1_comparator_static__parameterized0' [c:/master/lpsc/scalp_board_files-main/scalp_revc_windows/scalp_zynqps/ipshared/10ab/hdl/generic_baseblocks_v2_1_vl_rfs.v:2119]
INFO: [Synth 8-6155] done synthesizing module 'generic_baseblocks_v2_1_1_comparator_static__parameterized0' (0#1) [c:/master/lpsc/scalp_board_files-main/scalp_revc_windows/scalp_zynqps/ipshared/10ab/hdl/generic_baseblocks_v2_1_vl_rfs.v:2119]
INFO: [Synth 8-6157] synthesizing module 'generic_baseblocks_v2_1_1_comparator_static__parameterized1' [c:/master/lpsc/scalp_board_files-main/scalp_revc_windows/scalp_zynqps/ipshared/10ab/hdl/generic_baseblocks_v2_1_vl_rfs.v:2119]
INFO: [Synth 8-6155] done synthesizing module 'generic_baseblocks_v2_1_1_comparator_static__parameterized1' (0#1) [c:/master/lpsc/scalp_board_files-main/scalp_revc_windows/scalp_zynqps/ipshared/10ab/hdl/generic_baseblocks_v2_1_vl_rfs.v:2119]
INFO: [Synth 8-6157] synthesizing module 'generic_baseblocks_v2_1_1_comparator_static__parameterized2' [c:/master/lpsc/scalp_board_files-main/scalp_revc_windows/scalp_zynqps/ipshared/10ab/hdl/generic_baseblocks_v2_1_vl_rfs.v:2119]
INFO: [Synth 8-6155] done synthesizing module 'generic_baseblocks_v2_1_1_comparator_static__parameterized2' (0#1) [c:/master/lpsc/scalp_board_files-main/scalp_revc_windows/scalp_zynqps/ipshared/10ab/hdl/generic_baseblocks_v2_1_vl_rfs.v:2119]
INFO: [Synth 8-6157] synthesizing module 'generic_baseblocks_v2_1_1_comparator_static__parameterized3' [c:/master/lpsc/scalp_board_files-main/scalp_revc_windows/scalp_zynqps/ipshared/10ab/hdl/generic_baseblocks_v2_1_vl_rfs.v:2119]
INFO: [Synth 8-6155] done synthesizing module 'generic_baseblocks_v2_1_1_comparator_static__parameterized3' (0#1) [c:/master/lpsc/scalp_board_files-main/scalp_revc_windows/scalp_zynqps/ipshared/10ab/hdl/generic_baseblocks_v2_1_vl_rfs.v:2119]
INFO: [Synth 8-6157] synthesizing module 'generic_baseblocks_v2_1_1_comparator_static__parameterized4' [c:/master/lpsc/scalp_board_files-main/scalp_revc_windows/scalp_zynqps/ipshared/10ab/hdl/generic_baseblocks_v2_1_vl_rfs.v:2119]
INFO: [Synth 8-6155] done synthesizing module 'generic_baseblocks_v2_1_1_comparator_static__parameterized4' (0#1) [c:/master/lpsc/scalp_board_files-main/scalp_revc_windows/scalp_zynqps/ipshared/10ab/hdl/generic_baseblocks_v2_1_vl_rfs.v:2119]
INFO: [Synth 8-6157] synthesizing module 'generic_baseblocks_v2_1_1_comparator_static__parameterized5' [c:/master/lpsc/scalp_board_files-main/scalp_revc_windows/scalp_zynqps/ipshared/10ab/hdl/generic_baseblocks_v2_1_vl_rfs.v:2119]
INFO: [Synth 8-6155] done synthesizing module 'generic_baseblocks_v2_1_1_comparator_static__parameterized5' (0#1) [c:/master/lpsc/scalp_board_files-main/scalp_revc_windows/scalp_zynqps/ipshared/10ab/hdl/generic_baseblocks_v2_1_vl_rfs.v:2119]
INFO: [Synth 8-6155] done synthesizing module 'axi_crossbar_v2_1_30_addr_decoder' (0#1) [c:/master/lpsc/scalp_board_files-main/scalp_revc_windows/scalp_zynqps/ipshared/fb47/hdl/axi_crossbar_v2_1_vl_rfs.v:790]
INFO: [Synth 8-6157] synthesizing module 'axi_crossbar_v2_1_30_decerr_slave' [c:/master/lpsc/scalp_board_files-main/scalp_revc_windows/scalp_zynqps/ipshared/fb47/hdl/axi_crossbar_v2_1_vl_rfs.v:3493]
INFO: [Synth 8-6155] done synthesizing module 'axi_crossbar_v2_1_30_decerr_slave' (0#1) [c:/master/lpsc/scalp_board_files-main/scalp_revc_windows/scalp_zynqps/ipshared/fb47/hdl/axi_crossbar_v2_1_vl_rfs.v:3493]
INFO: [Synth 8-6157] synthesizing module 'axi_crossbar_v2_1_30_addr_arbiter_sasd' [c:/master/lpsc/scalp_board_files-main/scalp_revc_windows/scalp_zynqps/ipshared/fb47/hdl/axi_crossbar_v2_1_vl_rfs.v:63]
INFO: [Synth 8-6155] done synthesizing module 'axi_crossbar_v2_1_30_addr_arbiter_sasd' (0#1) [c:/master/lpsc/scalp_board_files-main/scalp_revc_windows/scalp_zynqps/ipshared/fb47/hdl/axi_crossbar_v2_1_vl_rfs.v:63]
INFO: [Synth 8-6157] synthesizing module 'axi_crossbar_v2_1_30_splitter' [c:/master/lpsc/scalp_board_files-main/scalp_revc_windows/scalp_zynqps/ipshared/fb47/hdl/axi_crossbar_v2_1_vl_rfs.v:4451]
INFO: [Synth 8-6155] done synthesizing module 'axi_crossbar_v2_1_30_splitter' (0#1) [c:/master/lpsc/scalp_board_files-main/scalp_revc_windows/scalp_zynqps/ipshared/fb47/hdl/axi_crossbar_v2_1_vl_rfs.v:4451]
INFO: [Synth 8-6157] synthesizing module 'axi_crossbar_v2_1_30_splitter__parameterized0' [c:/master/lpsc/scalp_board_files-main/scalp_revc_windows/scalp_zynqps/ipshared/fb47/hdl/axi_crossbar_v2_1_vl_rfs.v:4451]
INFO: [Synth 8-6155] done synthesizing module 'axi_crossbar_v2_1_30_splitter__parameterized0' (0#1) [c:/master/lpsc/scalp_board_files-main/scalp_revc_windows/scalp_zynqps/ipshared/fb47/hdl/axi_crossbar_v2_1_vl_rfs.v:4451]
INFO: [Synth 8-6157] synthesizing module 'generic_baseblocks_v2_1_1_mux_enc' [c:/master/lpsc/scalp_board_files-main/scalp_revc_windows/scalp_zynqps/ipshared/10ab/hdl/generic_baseblocks_v2_1_vl_rfs.v:2436]
INFO: [Synth 8-6155] done synthesizing module 'generic_baseblocks_v2_1_1_mux_enc' (0#1) [c:/master/lpsc/scalp_board_files-main/scalp_revc_windows/scalp_zynqps/ipshared/10ab/hdl/generic_baseblocks_v2_1_vl_rfs.v:2436]
INFO: [Synth 8-6157] synthesizing module 'generic_baseblocks_v2_1_1_mux_enc__parameterized0' [c:/master/lpsc/scalp_board_files-main/scalp_revc_windows/scalp_zynqps/ipshared/10ab/hdl/generic_baseblocks_v2_1_vl_rfs.v:2436]
INFO: [Synth 8-6155] done synthesizing module 'generic_baseblocks_v2_1_1_mux_enc__parameterized0' (0#1) [c:/master/lpsc/scalp_board_files-main/scalp_revc_windows/scalp_zynqps/ipshared/10ab/hdl/generic_baseblocks_v2_1_vl_rfs.v:2436]
INFO: [Synth 8-6157] synthesizing module 'generic_baseblocks_v2_1_1_mux_enc__parameterized1' [c:/master/lpsc/scalp_board_files-main/scalp_revc_windows/scalp_zynqps/ipshared/10ab/hdl/generic_baseblocks_v2_1_vl_rfs.v:2436]
INFO: [Synth 8-6155] done synthesizing module 'generic_baseblocks_v2_1_1_mux_enc__parameterized1' (0#1) [c:/master/lpsc/scalp_board_files-main/scalp_revc_windows/scalp_zynqps/ipshared/10ab/hdl/generic_baseblocks_v2_1_vl_rfs.v:2436]
INFO: [Synth 8-6157] synthesizing module 'axi_register_slice_v2_1_29_axic_register_slice' [c:/master/lpsc/scalp_board_files-main/scalp_revc_windows/scalp_zynqps/ipshared/ff9f/hdl/axi_register_slice_v2_1_vl_rfs.v:1492]
INFO: [Synth 8-6155] done synthesizing module 'axi_register_slice_v2_1_29_axic_register_slice' (0#1) [c:/master/lpsc/scalp_board_files-main/scalp_revc_windows/scalp_zynqps/ipshared/ff9f/hdl/axi_register_slice_v2_1_vl_rfs.v:1492]
INFO: [Synth 8-6157] synthesizing module 'generic_baseblocks_v2_1_1_mux_enc__parameterized2' [c:/master/lpsc/scalp_board_files-main/scalp_revc_windows/scalp_zynqps/ipshared/10ab/hdl/generic_baseblocks_v2_1_vl_rfs.v:2436]
INFO: [Synth 8-6155] done synthesizing module 'generic_baseblocks_v2_1_1_mux_enc__parameterized2' (0#1) [c:/master/lpsc/scalp_board_files-main/scalp_revc_windows/scalp_zynqps/ipshared/10ab/hdl/generic_baseblocks_v2_1_vl_rfs.v:2436]
INFO: [Synth 8-6155] done synthesizing module 'axi_crossbar_v2_1_30_crossbar_sasd' (0#1) [c:/master/lpsc/scalp_board_files-main/scalp_revc_windows/scalp_zynqps/ipshared/fb47/hdl/axi_crossbar_v2_1_vl_rfs.v:1234]
INFO: [Synth 8-6155] done synthesizing module 'axi_crossbar_v2_1_30_axi_crossbar' (0#1) [c:/master/lpsc/scalp_board_files-main/scalp_revc_windows/scalp_zynqps/ipshared/fb47/hdl/axi_crossbar_v2_1_vl_rfs.v:4871]
INFO: [Synth 8-6155] done synthesizing module 'scalp_zynqps_xbar_0' (0#1) [c:/master/lpsc/scalp_board_files-main/scalp_revc_windows/scalp_zynqps/ip/scalp_zynqps_xbar_0/synth/scalp_zynqps_xbar_0.v:53]
INFO: [Synth 8-6014] Unused sequential element gen_debug_trans_seq.debug_aw_trans_seq_i_reg was removed.  [c:/master/lpsc/scalp_board_files-main/scalp_revc_windows/scalp_zynqps/ipshared/fb47/hdl/axi_crossbar_v2_1_vl_rfs.v:2051]
INFO: [Synth 8-6014] Unused sequential element gen_debug_trans_seq.debug_ar_trans_seq_i_reg was removed.  [c:/master/lpsc/scalp_board_files-main/scalp_revc_windows/scalp_zynqps/ipshared/fb47/hdl/axi_crossbar_v2_1_vl_rfs.v:2062]
INFO: [Synth 8-6014] Unused sequential element gen_debug_trans_seq.debug_w_beat_cnt_i_reg was removed.  [c:/master/lpsc/scalp_board_files-main/scalp_revc_windows/scalp_zynqps/ipshared/fb47/hdl/axi_crossbar_v2_1_vl_rfs.v:2073]
INFO: [Synth 8-6014] Unused sequential element gen_debug_trans_seq.debug_r_beat_cnt_i_reg was removed.  [c:/master/lpsc/scalp_board_files-main/scalp_revc_windows/scalp_zynqps/ipshared/fb47/hdl/axi_crossbar_v2_1_vl_rfs.v:2086]
INFO: [Synth 8-7129] Port S[0] in module generic_baseblocks_v2_1_1_mux_enc__parameterized0 is either unconnected or has no load
INFO: [Synth 8-7129] Port S_AXI_AWID[0] in module axi_crossbar_v2_1_30_decerr_slave is either unconnected or has no load
INFO: [Synth 8-7129] Port S_AXI_WLAST in module axi_crossbar_v2_1_30_decerr_slave is either unconnected or has no load
INFO: [Synth 8-7129] Port S_AXI_ARID[0] in module axi_crossbar_v2_1_30_decerr_slave is either unconnected or has no load
INFO: [Synth 8-7129] Port S_AXI_ARLEN[7] in module axi_crossbar_v2_1_30_decerr_slave is either unconnected or has no load
INFO: [Synth 8-7129] Port S_AXI_ARLEN[6] in module axi_crossbar_v2_1_30_decerr_slave is either unconnected or has no load
INFO: [Synth 8-7129] Port S_AXI_ARLEN[5] in module axi_crossbar_v2_1_30_decerr_slave is either unconnected or has no load
INFO: [Synth 8-7129] Port S_AXI_ARLEN[4] in module axi_crossbar_v2_1_30_decerr_slave is either unconnected or has no load
INFO: [Synth 8-7129] Port S_AXI_ARLEN[3] in module axi_crossbar_v2_1_30_decerr_slave is either unconnected or has no load
INFO: [Synth 8-7129] Port S_AXI_ARLEN[2] in module axi_crossbar_v2_1_30_decerr_slave is either unconnected or has no load
INFO: [Synth 8-7129] Port S_AXI_ARLEN[1] in module axi_crossbar_v2_1_30_decerr_slave is either unconnected or has no load
INFO: [Synth 8-7129] Port S_AXI_ARLEN[0] in module axi_crossbar_v2_1_30_decerr_slave is either unconnected or has no load
INFO: [Synth 8-7129] Port ADDR[1] in module axi_crossbar_v2_1_30_addr_decoder is either unconnected or has no load
INFO: [Synth 8-7129] Port ADDR[0] in module axi_crossbar_v2_1_30_addr_decoder is either unconnected or has no load
INFO: [Synth 8-7129] Port S_AXI_AWID[0] in module axi_crossbar_v2_1_30_crossbar_sasd is either unconnected or has no load
INFO: [Synth 8-7129] Port S_AXI_ARID[0] in module axi_crossbar_v2_1_30_crossbar_sasd is either unconnected or has no load
INFO: [Synth 8-7129] Port M_AXI_BID[6] in module axi_crossbar_v2_1_30_crossbar_sasd is either unconnected or has no load
INFO: [Synth 8-7129] Port M_AXI_BID[5] in module axi_crossbar_v2_1_30_crossbar_sasd is either unconnected or has no load
INFO: [Synth 8-7129] Port M_AXI_BID[4] in module axi_crossbar_v2_1_30_crossbar_sasd is either unconnected or has no load
INFO: [Synth 8-7129] Port M_AXI_BID[3] in module axi_crossbar_v2_1_30_crossbar_sasd is either unconnected or has no load
INFO: [Synth 8-7129] Port M_AXI_BID[2] in module axi_crossbar_v2_1_30_crossbar_sasd is either unconnected or has no load
INFO: [Synth 8-7129] Port M_AXI_BID[1] in module axi_crossbar_v2_1_30_crossbar_sasd is either unconnected or has no load
INFO: [Synth 8-7129] Port M_AXI_BID[0] in module axi_crossbar_v2_1_30_crossbar_sasd is either unconnected or has no load
INFO: [Synth 8-7129] Port M_AXI_RID[6] in module axi_crossbar_v2_1_30_crossbar_sasd is either unconnected or has no load
INFO: [Synth 8-7129] Port M_AXI_RID[5] in module axi_crossbar_v2_1_30_crossbar_sasd is either unconnected or has no load
INFO: [Synth 8-7129] Port M_AXI_RID[4] in module axi_crossbar_v2_1_30_crossbar_sasd is either unconnected or has no load
INFO: [Synth 8-7129] Port M_AXI_RID[3] in module axi_crossbar_v2_1_30_crossbar_sasd is either unconnected or has no load
INFO: [Synth 8-7129] Port M_AXI_RID[2] in module axi_crossbar_v2_1_30_crossbar_sasd is either unconnected or has no load
INFO: [Synth 8-7129] Port M_AXI_RID[1] in module axi_crossbar_v2_1_30_crossbar_sasd is either unconnected or has no load
INFO: [Synth 8-7129] Port M_AXI_RID[0] in module axi_crossbar_v2_1_30_crossbar_sasd is either unconnected or has no load
INFO: [Synth 8-7129] Port s_axi_awid[0] in module axi_crossbar_v2_1_30_axi_crossbar is either unconnected or has no load
INFO: [Synth 8-7129] Port s_axi_awlen[7] in module axi_crossbar_v2_1_30_axi_crossbar is either unconnected or has no load
INFO: [Synth 8-7129] Port s_axi_awlen[6] in module axi_crossbar_v2_1_30_axi_crossbar is either unconnected or has no load
INFO: [Synth 8-7129] Port s_axi_awlen[5] in module axi_crossbar_v2_1_30_axi_crossbar is either unconnected or has no load
INFO: [Synth 8-7129] Port s_axi_awlen[4] in module axi_crossbar_v2_1_30_axi_crossbar is either unconnected or has no load
INFO: [Synth 8-7129] Port s_axi_awlen[3] in module axi_crossbar_v2_1_30_axi_crossbar is either unconnected or has no load
INFO: [Synth 8-7129] Port s_axi_awlen[2] in module axi_crossbar_v2_1_30_axi_crossbar is either unconnected or has no load
INFO: [Synth 8-7129] Port s_axi_awlen[1] in module axi_crossbar_v2_1_30_axi_crossbar is either unconnected or has no load
INFO: [Synth 8-7129] Port s_axi_awlen[0] in module axi_crossbar_v2_1_30_axi_crossbar is either unconnected or has no load
INFO: [Synth 8-7129] Port s_axi_awsize[2] in module axi_crossbar_v2_1_30_axi_crossbar is either unconnected or has no load
INFO: [Synth 8-7129] Port s_axi_awsize[1] in module axi_crossbar_v2_1_30_axi_crossbar is either unconnected or has no load
INFO: [Synth 8-7129] Port s_axi_awsize[0] in module axi_crossbar_v2_1_30_axi_crossbar is either unconnected or has no load
INFO: [Synth 8-7129] Port s_axi_awburst[1] in module axi_crossbar_v2_1_30_axi_crossbar is either unconnected or has no load
INFO: [Synth 8-7129] Port s_axi_awburst[0] in module axi_crossbar_v2_1_30_axi_crossbar is either unconnected or has no load
INFO: [Synth 8-7129] Port s_axi_awlock[0] in module axi_crossbar_v2_1_30_axi_crossbar is either unconnected or has no load
INFO: [Synth 8-7129] Port s_axi_awcache[3] in module axi_crossbar_v2_1_30_axi_crossbar is either unconnected or has no load
INFO: [Synth 8-7129] Port s_axi_awcache[2] in module axi_crossbar_v2_1_30_axi_crossbar is either unconnected or has no load
INFO: [Synth 8-7129] Port s_axi_awcache[1] in module axi_crossbar_v2_1_30_axi_crossbar is either unconnected or has no load
INFO: [Synth 8-7129] Port s_axi_awcache[0] in module axi_crossbar_v2_1_30_axi_crossbar is either unconnected or has no load
INFO: [Synth 8-7129] Port s_axi_awqos[3] in module axi_crossbar_v2_1_30_axi_crossbar is either unconnected or has no load
INFO: [Synth 8-7129] Port s_axi_awqos[2] in module axi_crossbar_v2_1_30_axi_crossbar is either unconnected or has no load
INFO: [Synth 8-7129] Port s_axi_awqos[1] in module axi_crossbar_v2_1_30_axi_crossbar is either unconnected or has no load
INFO: [Synth 8-7129] Port s_axi_awqos[0] in module axi_crossbar_v2_1_30_axi_crossbar is either unconnected or has no load
INFO: [Synth 8-7129] Port s_axi_awuser[0] in module axi_crossbar_v2_1_30_axi_crossbar is either unconnected or has no load
INFO: [Synth 8-7129] Port s_axi_wid[0] in module axi_crossbar_v2_1_30_axi_crossbar is either unconnected or has no load
INFO: [Synth 8-7129] Port s_axi_wlast[0] in module axi_crossbar_v2_1_30_axi_crossbar is either unconnected or has no load
INFO: [Synth 8-7129] Port s_axi_wuser[0] in module axi_crossbar_v2_1_30_axi_crossbar is either unconnected or has no load
INFO: [Synth 8-7129] Port s_axi_arid[0] in module axi_crossbar_v2_1_30_axi_crossbar is either unconnected or has no load
INFO: [Synth 8-7129] Port s_axi_arlen[7] in module axi_crossbar_v2_1_30_axi_crossbar is either unconnected or has no load
INFO: [Synth 8-7129] Port s_axi_arlen[6] in module axi_crossbar_v2_1_30_axi_crossbar is either unconnected or has no load
INFO: [Synth 8-7129] Port s_axi_arlen[5] in module axi_crossbar_v2_1_30_axi_crossbar is either unconnected or has no load
INFO: [Synth 8-7129] Port s_axi_arlen[4] in module axi_crossbar_v2_1_30_axi_crossbar is either unconnected or has no load
INFO: [Synth 8-7129] Port s_axi_arlen[3] in module axi_crossbar_v2_1_30_axi_crossbar is either unconnected or has no load
INFO: [Synth 8-7129] Port s_axi_arlen[2] in module axi_crossbar_v2_1_30_axi_crossbar is either unconnected or has no load
INFO: [Synth 8-7129] Port s_axi_arlen[1] in module axi_crossbar_v2_1_30_axi_crossbar is either unconnected or has no load
INFO: [Synth 8-7129] Port s_axi_arlen[0] in module axi_crossbar_v2_1_30_axi_crossbar is either unconnected or has no load
INFO: [Synth 8-7129] Port s_axi_arsize[2] in module axi_crossbar_v2_1_30_axi_crossbar is either unconnected or has no load
INFO: [Synth 8-7129] Port s_axi_arsize[1] in module axi_crossbar_v2_1_30_axi_crossbar is either unconnected or has no load
INFO: [Synth 8-7129] Port s_axi_arsize[0] in module axi_crossbar_v2_1_30_axi_crossbar is either unconnected or has no load
INFO: [Synth 8-7129] Port s_axi_arburst[1] in module axi_crossbar_v2_1_30_axi_crossbar is either unconnected or has no load
INFO: [Synth 8-7129] Port s_axi_arburst[0] in module axi_crossbar_v2_1_30_axi_crossbar is either unconnected or has no load
INFO: [Synth 8-7129] Port s_axi_arlock[0] in module axi_crossbar_v2_1_30_axi_crossbar is either unconnected or has no load
INFO: [Synth 8-7129] Port s_axi_arcache[3] in module axi_crossbar_v2_1_30_axi_crossbar is either unconnected or has no load
INFO: [Synth 8-7129] Port s_axi_arcache[2] in module axi_crossbar_v2_1_30_axi_crossbar is either unconnected or has no load
INFO: [Synth 8-7129] Port s_axi_arcache[1] in module axi_crossbar_v2_1_30_axi_crossbar is either unconnected or has no load
INFO: [Synth 8-7129] Port s_axi_arcache[0] in module axi_crossbar_v2_1_30_axi_crossbar is either unconnected or has no load
INFO: [Synth 8-7129] Port s_axi_arqos[3] in module axi_crossbar_v2_1_30_axi_crossbar is either unconnected or has no load
INFO: [Synth 8-7129] Port s_axi_arqos[2] in module axi_crossbar_v2_1_30_axi_crossbar is either unconnected or has no load
INFO: [Synth 8-7129] Port s_axi_arqos[1] in module axi_crossbar_v2_1_30_axi_crossbar is either unconnected or has no load
INFO: [Synth 8-7129] Port s_axi_arqos[0] in module axi_crossbar_v2_1_30_axi_crossbar is either unconnected or has no load
INFO: [Synth 8-7129] Port s_axi_aruser[0] in module axi_crossbar_v2_1_30_axi_crossbar is either unconnected or has no load
INFO: [Synth 8-7129] Port m_axi_bid[6] in module axi_crossbar_v2_1_30_axi_crossbar is either unconnected or has no load
INFO: [Synth 8-7129] Port m_axi_bid[5] in module axi_crossbar_v2_1_30_axi_crossbar is either unconnected or has no load
INFO: [Synth 8-7129] Port m_axi_bid[4] in module axi_crossbar_v2_1_30_axi_crossbar is either unconnected or has no load
INFO: [Synth 8-7129] Port m_axi_bid[3] in module axi_crossbar_v2_1_30_axi_crossbar is either unconnected or has no load
INFO: [Synth 8-7129] Port m_axi_bid[2] in module axi_crossbar_v2_1_30_axi_crossbar is either unconnected or has no load
INFO: [Synth 8-7129] Port m_axi_bid[1] in module axi_crossbar_v2_1_30_axi_crossbar is either unconnected or has no load
INFO: [Synth 8-7129] Port m_axi_bid[0] in module axi_crossbar_v2_1_30_axi_crossbar is either unconnected or has no load
INFO: [Synth 8-7129] Port m_axi_buser[6] in module axi_crossbar_v2_1_30_axi_crossbar is either unconnected or has no load
INFO: [Synth 8-7129] Port m_axi_buser[5] in module axi_crossbar_v2_1_30_axi_crossbar is either unconnected or has no load
INFO: [Synth 8-7129] Port m_axi_buser[4] in module axi_crossbar_v2_1_30_axi_crossbar is either unconnected or has no load
INFO: [Synth 8-7129] Port m_axi_buser[3] in module axi_crossbar_v2_1_30_axi_crossbar is either unconnected or has no load
INFO: [Synth 8-7129] Port m_axi_buser[2] in module axi_crossbar_v2_1_30_axi_crossbar is either unconnected or has no load
INFO: [Synth 8-7129] Port m_axi_buser[1] in module axi_crossbar_v2_1_30_axi_crossbar is either unconnected or has no load
INFO: [Synth 8-7129] Port m_axi_buser[0] in module axi_crossbar_v2_1_30_axi_crossbar is either unconnected or has no load
INFO: [Synth 8-7129] Port m_axi_rid[6] in module axi_crossbar_v2_1_30_axi_crossbar is either unconnected or has no load
INFO: [Synth 8-7129] Port m_axi_rid[5] in module axi_crossbar_v2_1_30_axi_crossbar is either unconnected or has no load
INFO: [Synth 8-7129] Port m_axi_rid[4] in module axi_crossbar_v2_1_30_axi_crossbar is either unconnected or has no load
INFO: [Synth 8-7129] Port m_axi_rid[3] in module axi_crossbar_v2_1_30_axi_crossbar is either unconnected or has no load
INFO: [Synth 8-7129] Port m_axi_rid[2] in module axi_crossbar_v2_1_30_axi_crossbar is either unconnected or has no load
INFO: [Common 17-14] Message 'Synth 8-7129' appears 100 times and further instances of the messages will be disabled. Use the Tcl command set_msg_config to change the current settings.
---------------------------------------------------------------------------------
Finished RTL Elaboration : Time (s): cpu = 00:00:11 ; elapsed = 00:00:13 . Memory (MB): peak = 1580.410 ; gain = 799.551
---------------------------------------------------------------------------------
---------------------------------------------------------------------------------
Start Handling Custom Attributes
---------------------------------------------------------------------------------
---------------------------------------------------------------------------------
Finished Handling Custom Attributes : Time (s): cpu = 00:00:12 ; elapsed = 00:00:13 . Memory (MB): peak = 1580.410 ; gain = 799.551
---------------------------------------------------------------------------------
---------------------------------------------------------------------------------
Finished RTL Optimization Phase 1 : Time (s): cpu = 00:00:12 ; elapsed = 00:00:13 . Memory (MB): peak = 1580.410 ; gain = 799.551
---------------------------------------------------------------------------------
Netlist sorting complete. Time (s): cpu = 00:00:00 ; elapsed = 00:00:00.021 . Memory (MB): peak = 1580.410 ; gain = 0.000
INFO: [Project 1-570] Preparing netlist for logic optimization

Processing XDC Constraints
Initializing timing engine
Parsing XDC File [c:/master/lpsc/scalp_board_files-main/scalp_revc_windows/scalp_zynqps/ip/scalp_zynqps_xbar_0/scalp_zynqps_xbar_0_ooc.xdc] for cell 'inst'
Finished Parsing XDC File [c:/master/lpsc/scalp_board_files-main/scalp_revc_windows/scalp_zynqps/ip/scalp_zynqps_xbar_0/scalp_zynqps_xbar_0_ooc.xdc] for cell 'inst'
Parsing XDC File [C:/master/lpsc/scalp_board_files-main/scalp_revc_windows/scalp_user_design/scalp_user_design.runs/scalp_zynqps_xbar_0_synth_1/dont_touch.xdc]
Finished Parsing XDC File [C:/master/lpsc/scalp_board_files-main/scalp_revc_windows/scalp_user_design/scalp_user_design.runs/scalp_zynqps_xbar_0_synth_1/dont_touch.xdc]
Completed Processing XDC Constraints

Netlist sorting complete. Time (s): cpu = 00:00:00 ; elapsed = 00:00:00 . Memory (MB): peak = 1635.309 ; gain = 0.000
INFO: [Project 1-111] Unisim Transformation Summary:
No Unisim elements were transformed.

Constraint Validation Runtime : Time (s): cpu = 00:00:00 ; elapsed = 00:00:00.079 . Memory (MB): peak = 1635.309 ; gain = 0.000
INFO: [Designutils 20-5008] Incremental synthesis strategy off
---------------------------------------------------------------------------------
Finished Constraint Validation : Time (s): cpu = 00:00:19 ; elapsed = 00:00:20 . Memory (MB): peak = 1635.309 ; gain = 854.449
---------------------------------------------------------------------------------
---------------------------------------------------------------------------------
Start Loading Part and Timing Information
---------------------------------------------------------------------------------
Loading part: xc7z015clg485-2
---------------------------------------------------------------------------------
Finished Loading Part and Timing Information : Time (s): cpu = 00:00:19 ; elapsed = 00:00:20 . Memory (MB): peak = 1635.309 ; gain = 854.449
---------------------------------------------------------------------------------
---------------------------------------------------------------------------------
Start Applying 'set_property' XDC Constraints
---------------------------------------------------------------------------------
---------------------------------------------------------------------------------
Finished applying 'set_property' XDC Constraints : Time (s): cpu = 00:00:19 ; elapsed = 00:00:20 . Memory (MB): peak = 1635.309 ; gain = 854.449
---------------------------------------------------------------------------------
---------------------------------------------------------------------------------
Finished RTL Optimization Phase 2 : Time (s): cpu = 00:00:19 ; elapsed = 00:00:21 . Memory (MB): peak = 1635.309 ; gain = 854.449
---------------------------------------------------------------------------------
---------------------------------------------------------------------------------
Start RTL Component Statistics 
---------------------------------------------------------------------------------
Detailed RTL Component Info : 
+---Registers : 
	               64 Bit    Registers := 1     
	               36 Bit    Registers := 2     
	                8 Bit    Registers := 1     
	                3 Bit    Registers := 2     
	                2 Bit    Registers := 2     
	                1 Bit    Registers := 14    
+---Muxes : 
	   2 Input   64 Bit        Muxes := 1     
	   2 Input   36 Bit        Muxes := 2     
	   2 Input    8 Bit        Muxes := 1     
	   2 Input    7 Bit        Muxes := 1     
	   2 Input    1 Bit        Muxes := 64    
---------------------------------------------------------------------------------
Finished RTL Component Statistics 
---------------------------------------------------------------------------------
---------------------------------------------------------------------------------
Start Part Resource Summary
---------------------------------------------------------------------------------
Part Resources:
DSPs: 160 (col length:60)
BRAMs: 190 (col length: RAMB18 60 RAMB36 30)
---------------------------------------------------------------------------------
Finished Part Resource Summary
---------------------------------------------------------------------------------
---------------------------------------------------------------------------------
Start Cross Boundary and Area Optimization
---------------------------------------------------------------------------------
INFO: [Synth 8-3936] Found unconnected internal register 'gen_sasd.crossbar_sasd_0/reg_slice_r/m_payload_i_reg' and it is trimmed from '36' to '35' bits. [c:/master/lpsc/scalp_board_files-main/scalp_revc_windows/scalp_zynqps/ipshared/ff9f/hdl/axi_register_slice_v2_1_vl_rfs.v:1726]
---------------------------------------------------------------------------------
Finished Cross Boundary and Area Optimization : Time (s): cpu = 00:00:22 ; elapsed = 00:00:23 . Memory (MB): peak = 1635.309 ; gain = 854.449
---------------------------------------------------------------------------------
---------------------------------------------------------------------------------
Start Applying XDC Timing Constraints
---------------------------------------------------------------------------------
---------------------------------------------------------------------------------
Finished Applying XDC Timing Constraints : Time (s): cpu = 00:00:26 ; elapsed = 00:00:28 . Memory (MB): peak = 1657.395 ; gain = 876.535
---------------------------------------------------------------------------------
---------------------------------------------------------------------------------
Start Timing Optimization
---------------------------------------------------------------------------------
---------------------------------------------------------------------------------
Finished Timing Optimization : Time (s): cpu = 00:00:27 ; elapsed = 00:00:29 . Memory (MB): peak = 1693.645 ; gain = 912.785
---------------------------------------------------------------------------------
---------------------------------------------------------------------------------
Start Technology Mapping
---------------------------------------------------------------------------------
---------------------------------------------------------------------------------
Finished Technology Mapping : Time (s): cpu = 00:00:27 ; elapsed = 00:00:29 . Memory (MB): peak = 1704.086 ; gain = 923.227
---------------------------------------------------------------------------------
---------------------------------------------------------------------------------
Start IO Insertion
---------------------------------------------------------------------------------
---------------------------------------------------------------------------------
Start Flattening Before IO Insertion
---------------------------------------------------------------------------------
---------------------------------------------------------------------------------
Finished Flattening Before IO Insertion
---------------------------------------------------------------------------------
---------------------------------------------------------------------------------
Start Final Netlist Cleanup
---------------------------------------------------------------------------------
---------------------------------------------------------------------------------
Finished Final Netlist Cleanup
---------------------------------------------------------------------------------
---------------------------------------------------------------------------------
Finished IO Insertion : Time (s): cpu = 00:00:29 ; elapsed = 00:00:31 . Memory (MB): peak = 1921.602 ; gain = 1140.742
---------------------------------------------------------------------------------
---------------------------------------------------------------------------------
Start Renaming Generated Instances
---------------------------------------------------------------------------------
---------------------------------------------------------------------------------
Finished Renaming Generated Instances : Time (s): cpu = 00:00:29 ; elapsed = 00:00:31 . Memory (MB): peak = 1921.602 ; gain = 1140.742
---------------------------------------------------------------------------------
---------------------------------------------------------------------------------
Start Rebuilding User Hierarchy
---------------------------------------------------------------------------------
---------------------------------------------------------------------------------
Finished Rebuilding User Hierarchy : Time (s): cpu = 00:00:29 ; elapsed = 00:00:31 . Memory (MB): peak = 1921.602 ; gain = 1140.742
---------------------------------------------------------------------------------
---------------------------------------------------------------------------------
Start Renaming Generated Ports
---------------------------------------------------------------------------------
---------------------------------------------------------------------------------
Finished Renaming Generated Ports : Time (s): cpu = 00:00:29 ; elapsed = 00:00:31 . Memory (MB): peak = 1921.602 ; gain = 1140.742
---------------------------------------------------------------------------------
---------------------------------------------------------------------------------
Start Handling Custom Attributes
---------------------------------------------------------------------------------
---------------------------------------------------------------------------------
Finished Handling Custom Attributes : Time (s): cpu = 00:00:29 ; elapsed = 00:00:31 . Memory (MB): peak = 1921.602 ; gain = 1140.742
---------------------------------------------------------------------------------
---------------------------------------------------------------------------------
Start Renaming Generated Nets
---------------------------------------------------------------------------------
---------------------------------------------------------------------------------
Finished Renaming Generated Nets : Time (s): cpu = 00:00:29 ; elapsed = 00:00:31 . Memory (MB): peak = 1921.602 ; gain = 1140.742
---------------------------------------------------------------------------------
---------------------------------------------------------------------------------
Start Writing Synthesis Report
---------------------------------------------------------------------------------

Report BlackBoxes: 
+-+--------------+----------+
| |BlackBox name |Instances |
+-+--------------+----------+
+-+--------------+----------+

Report Cell Usage: 
+------+-----+------+
|      |Cell |Count |
+------+-----+------+
|1     |LUT1 |     1|
|2     |LUT2 |    14|
|3     |LUT3 |    46|
|4     |LUT4 |    60|
|5     |LUT5 |    83|
|6     |LUT6 |   102|
|7     |FDRE |   136|
+------+-----+------+
---------------------------------------------------------------------------------
Finished Writing Synthesis Report : Time (s): cpu = 00:00:29 ; elapsed = 00:00:31 . Memory (MB): peak = 1921.602 ; gain = 1140.742
---------------------------------------------------------------------------------
Synthesis finished with 0 errors, 0 critical warnings and 0 warnings.
Synthesis Optimization Runtime : Time (s): cpu = 00:00:15 ; elapsed = 00:00:29 . Memory (MB): peak = 1921.602 ; gain = 1085.844
Synthesis Optimization Complete : Time (s): cpu = 00:00:29 ; elapsed = 00:00:31 . Memory (MB): peak = 1921.602 ; gain = 1140.742
INFO: [Project 1-571] Translating synthesized netlist
Netlist sorting complete. Time (s): cpu = 00:00:00 ; elapsed = 00:00:00.013 . Memory (MB): peak = 1930.723 ; gain = 0.000
INFO: [Project 1-570] Preparing netlist for logic optimization
INFO: [Opt 31-138] Pushed 0 inverter(s) to 0 load pin(s).
Netlist sorting complete. Time (s): cpu = 00:00:00 ; elapsed = 00:00:00 . Memory (MB): peak = 1934.395 ; gain = 0.000
INFO: [Project 1-111] Unisim Transformation Summary:
No Unisim elements were transformed.

Synth Design complete | Checksum: 8fd85d31
INFO: [Common 17-83] Releasing license: Synthesis
165 Infos, 2 Warnings, 0 Critical Warnings and 0 Errors encountered.
synth_design completed successfully
synth_design: Time (s): cpu = 00:00:32 ; elapsed = 00:00:43 . Memory (MB): peak = 1934.395 ; gain = 1381.207
Write ShapeDB Complete: Time (s): cpu = 00:00:00 ; elapsed = 00:00:00.001 . Memory (MB): peak = 1934.395 ; gain = 0.000
INFO: [Common 17-1381] The checkpoint 'C:/master/lpsc/scalp_board_files-main/scalp_revc_windows/scalp_user_design/scalp_user_design.runs/scalp_zynqps_xbar_0_synth_1/scalp_zynqps_xbar_0.dcp' has been generated.
INFO: [Coretcl 2-1648] Added synthesis output to IP cache for IP scalp_zynqps_xbar_0, cache-ID = 0dc02683edd22cd9
INFO: [Coretcl 2-1174] Renamed 7 cell refs.
Write ShapeDB Complete: Time (s): cpu = 00:00:00 ; elapsed = 00:00:00.001 . Memory (MB): peak = 1934.395 ; gain = 0.000
INFO: [Common 17-1381] The checkpoint 'C:/master/lpsc/scalp_board_files-main/scalp_revc_windows/scalp_user_design/scalp_user_design.runs/scalp_zynqps_xbar_0_synth_1/scalp_zynqps_xbar_0.dcp' has been generated.
INFO: [Vivado 12-24828] Executing command : report_utilization -file scalp_zynqps_xbar_0_utilization_synth.rpt -pb scalp_zynqps_xbar_0_utilization_synth.pb
INFO: [Common 17-206] Exiting Vivado at Tue Mar 10 21:57:22 2026...
