#-----------------------------------------------------------
# Vivado v2025.2 (64-bit)
# SW Build 6299465 on Fri Nov 14 19:35:11 GMT 2025
# IP Build 6300035 on Fri Nov 14 10:48:45 MST 2025
# SharedData Build 6298862 on Thu Nov 13 04:50:51 MST 2025
# Start of session at: Tue Mar 10 19:21:01 2026
# Process ID         : 32572
# Current directory  : C:/MA_LPSC/scalp_tp0/scalp_user_design
# Command line       : vivado.exe -gui_launcher_event rodinguilauncherevent31748 C:\MA_LPSC\scalp_tp0\scalp_user_design\scalp_user_design.xpr
# Log file           : C:/MA_LPSC/scalp_tp0/scalp_user_design/vivado.log
# Journal file       : C:/MA_LPSC/scalp_tp0/scalp_user_design\vivado.jou
# Running On         : LAPTOP-E00F6MUN
# Platform           : Windows Server 2016 or Windows 10
# Operating System   : 26200
# Processor Detail   : Intel(R) Core(TM) Ultra 7 155H
# CPU Frequency      : 2995 MHz
# CPU Physical cores : 16
# CPU Logical cores  : 22
# Host memory        : 33832 MB
# Swap memory        : 2700 MB
# Total Virtual      : 36533 MB
# Available Virtual  : 19716 MB
#-----------------------------------------------------------
start_gui
open_project C:/MA_LPSC/scalp_tp0/scalp_user_design/scalp_user_design.xpr
update_compile_order -fileset sources_1
